Component: ARM Compiler 5.06 update 1 (build 61) Tool: armlink [4d35a8]

==============================================================================

Section Cross References

    main.o(i.SysTick_Handler) refers to main.o(.data) for TimingDelay
    main.o(i.USART1_IRQHandler) refers to stm32f10x_usart.o(i.USART_GetITStatus) for USART_GetITStatus
    main.o(i.USART1_IRQHandler) refers to stm32f10x_usart.o(i.USART_ReceiveData) for USART_ReceiveData
    main.o(i.USART1_IRQHandler) refers to stm32f10x_usart.o(i.USART_ClearITPendingBit) for USART_ClearITPendingBit
    main.o(i.USART1_IRQHandler) refers to main.o(.bss) for _consolBuff
    main.o(i.USART2_IRQHandler) refers to stm32f10x_usart.o(i.USART_GetITStatus) for USART_GetITStatus
    main.o(i.USART2_IRQHandler) refers to stm32f10x_usart.o(i.USART_ClearITPendingBit) for USART_ClearITPendingBit
    main.o(i.delay) refers to main.o(i.SysTick_Config) for SysTick_Config
    main.o(i.delay) refers to main.o(.data) for TimingDelay
    main.o(i.delay) refers to system_stm32f10x.o(.data) for SystemCoreClock
    main.o(i.initApp) refers to main.o(.bss) for _wifiBuff
    main.o(i.initSystem) refers to stm32f10x_rcc.o(i.RCC_AHBPeriphClockCmd) for RCC_AHBPeriphClockCmd
    main.o(i.initSystem) refers to stm32f10x_rcc.o(i.RCC_HSEConfig) for RCC_HSEConfig
    main.o(i.initSystem) refers to stm32f10x_rcc.o(i.RCC_PLLConfig) for RCC_PLLConfig
    main.o(i.initSystem) refers to stm32f10x_rcc.o(i.RCC_PLLCmd) for RCC_PLLCmd
    main.o(i.initSystem) refers to stm32f10x_rcc.o(i.RCC_GetFlagStatus) for RCC_GetFlagStatus
    main.o(i.initSystem) refers to stm32f10x_rcc.o(i.RCC_SYSCLKConfig) for RCC_SYSCLKConfig
    main.o(i.initSystem) refers to stm32f10x_rcc.o(i.RCC_HCLKConfig) for RCC_HCLKConfig
    main.o(i.initSystem) refers to stm32f10x_rcc.o(i.RCC_PCLK2Config) for RCC_PCLK2Config
    main.o(i.initSystem) refers to stm32f10x_rcc.o(i.RCC_PCLK1Config) for RCC_PCLK1Config
    main.o(i.initUSART1) refers to stm32f10x_rcc.o(i.RCC_APB2PeriphClockCmd) for RCC_APB2PeriphClockCmd
    main.o(i.initUSART1) refers to stm32f10x_gpio.o(i.GPIO_Init) for GPIO_Init
    main.o(i.initUSART1) refers to stm32f10x_usart.o(i.USART_Cmd) for USART_Cmd
    main.o(i.initUSART1) refers to stm32f10x_usart.o(i.USART_Init) for USART_Init
    main.o(i.initUSART1) refers to stm32f10x_usart.o(i.USART_ITConfig) for USART_ITConfig
    main.o(i.initUSART1) refers to main.o(i.NVIC_EnableIRQ) for NVIC_EnableIRQ
    main.o(i.initUSART2) refers to stm32f10x_rcc.o(i.RCC_APB2PeriphClockCmd) for RCC_APB2PeriphClockCmd
    main.o(i.initUSART2) refers to stm32f10x_rcc.o(i.RCC_APB1PeriphClockCmd) for RCC_APB1PeriphClockCmd
    main.o(i.initUSART2) refers to stm32f10x_gpio.o(i.GPIO_Init) for GPIO_Init
    main.o(i.initUSART2) refers to stm32f10x_usart.o(i.USART_Cmd) for USART_Cmd
    main.o(i.initUSART2) refers to stm32f10x_usart.o(i.USART_Init) for USART_Init
    main.o(i.initUSART2) refers to stm32f10x_usart.o(i.USART_ITConfig) for USART_ITConfig
    main.o(i.initUSART2) refers to main.o(i.NVIC_EnableIRQ) for NVIC_EnableIRQ
    main.o(i.main) refers to main.o(i.initSystem) for initSystem
    main.o(i.main) refers to main.o(i.initApp) for initApp
    main.o(i.main) refers to main.o(i.initUSART1) for initUSART1
    main.o(i.main) refers to main.o(i.initUSART2) for initUSART2
    main.o(i.main) refers to main.o(i.usartSendString) for usartSendString
    main.o(i.main) refers to main.o(i.usartGetString) for usartGetString
    main.o(i.main) refers to main.o(.bss) for _consolBuff
    main.o(i.usartGetString) refers to main.o(i.SysTick_Config) for SysTick_Config
    main.o(i.usartGetString) refers to main.o(i.usartSendChar) for usartSendChar
    main.o(i.usartGetString) refers to h1_free.o(.text) for free
    main.o(i.usartGetString) refers to strlen.o(.text) for strlen
    main.o(i.usartGetString) refers to h1_alloc.o(.text) for malloc
    main.o(i.usartGetString) refers to strcpy.o(.text) for strcpy
    main.o(i.usartGetString) refers to main.o(.data) for TimingDelay
    main.o(i.usartGetString) refers to system_stm32f10x.o(.data) for SystemCoreClock
    main.o(i.usartSendChar) refers to stm32f10x_usart.o(i.USART_GetFlagStatus) for USART_GetFlagStatus
    main.o(i.usartSendChar) refers to stm32f10x_usart.o(i.USART_SendData) for USART_SendData
    main.o(i.usartSendString) refers to main.o(i.usartSendChar) for usartSendChar
    main.o(i.usartSendUint32) refers to _printf_percent.o(.ARM.Collect$$_printf_percent$$00000000) for _printf_percent
    main.o(i.usartSendUint32) refers to _printf_u.o(.ARM.Collect$$_printf_percent$$0000000A) for _printf_u
    main.o(i.usartSendUint32) refers to _printf_dec.o(.text) for _printf_int_dec
    main.o(i.usartSendUint32) refers to noretval__2sprintf.o(.text) for __2sprintf
    main.o(i.usartSendUint32) refers to main.o(i.usartSendString) for usartSendString
    stm32f10x_gpio.o(i.GPIO_AFIODeInit) refers to stm32f10x_rcc.o(i.RCC_APB2PeriphResetCmd) for RCC_APB2PeriphResetCmd
[...]
    gpio_stm32f10x.o(i.GPIO_PinConfigure) refers to gpio_stm32f10x.o(i.GPIO_PortClock) for GPIO_PortClock
    startup_stm32f10x_md.o(STACK) refers (Special) to heapauxi.o(.text) for __use_two_region_memory
    startup_stm32f10x_md.o(HEAP) refers (Special) to heapauxi.o(.text) for __use_two_region_memory
    startup_stm32f10x_md.o(RESET) refers (Special) to heapauxi.o(.text) for __use_two_region_memory
    startup_stm32f10x_md.o(RESET) refers to startup_stm32f10x_md.o(STACK) for __initial_sp
    startup_stm32f10x_md.o(RESET) refers to startup_stm32f10x_md.o(.text) for Reset_Handler
    startup_stm32f10x_md.o(RESET) refers to main.o(i.SysTick_Handler) for SysTick_Handler
    startup_stm32f10x_md.o(RESET) refers to main.o(i.USART1_IRQHandler) for USART1_IRQHandler
    startup_stm32f10x_md.o(RESET) refers to main.o(i.USART2_IRQHandler) for USART2_IRQHandler
    startup_stm32f10x_md.o(.text) refers (Special) to heapauxi.o(.text) for __use_two_region_memory
    startup_stm32f10x_md.o(.text) refers to system_stm32f10x.o(i.SystemInit) for SystemInit
    startup_stm32f10x_md.o(.text) refers to __main.o(!!!main) for __main
    startup_stm32f10x_md.o(.text) refers to startup_stm32f10x_md.o(HEAP) for Heap_Mem
    startup_stm32f10x_md.o(.text) refers to startup_stm32f10x_md.o(STACK) for Stack_Mem
    system_stm32f10x.o(i.SetSysClock) refers to system_stm32f10x.o(i.SetSysClockTo72) for SetSysClockTo72
    system_stm32f10x.o(i.SystemCoreClockUpdate) refers to system_stm32f10x.o(.data) for SystemCoreClock
    system_stm32f10x.o(i.SystemInit) refers to system_stm32f10x.o(i.SetSysClock) for SetSysClock
    malloc.o(.text) refers (Special) to hguard.o(.text) for __heap$guard
    malloc.o(.text) refers (Special) to init_alloc.o(.text) for _init_alloc
    malloc.o(.text) refers to rt_heap_descriptor_intlibspace.o(.text) for __rt_heap_descriptor
    malloc.o(.text) refers to heapstubs.o(.text) for __Heap_Alloc
    free.o(.text) refers (Special) to hguard.o(.text) for __heap$guard
    free.o(.text) refers to rt_heap_descriptor_intlibspace.o(.text) for __rt_heap_descriptor
    free.o(.text) refers to heapstubs.o(.text) for __Heap_Free
    h1_alloc.o(.text) refers (Special) to h1_init.o(.text) for __Heap_Initialize
    h1_alloc.o(.text) refers to rt_heap_descriptor_intlibspace.o(.text) for __rt_heap_descriptor
    h1_alloc.o(.text) refers to init_alloc.o(.text) for __Heap_Full
    h1_free.o(.text) refers to rt_heap_descriptor_intlibspace.o(.text) for __rt_heap_descriptor
    h1_alloc_mt.o(.text) refers (Special) to h1_init.o(.text) for __Heap_Initialize
    h1_alloc_mt.o(.text) refers to init_alloc.o(.text) for __Heap_Full
    h1_alloc_mt.o(.text) refers to rt_heap_descriptor_intlibspace.o(.text) for __rt_heap_descriptor
    h1_free_mt.o(.text) refers to rt_heap_descriptor_intlibspace.o(.text) for __rt_heap_descriptor
    heap2.o(i._FDIterate) refers to heap2.o(.conststring) for .conststring
    heap2.o(i.___Heap_ProvideMemory$realtime) refers to fdtree.o(i._FDTree_Delete) for _FDTree_Delete
    heap2.o(i.___Heap_ProvideMemory$realtime) refers to fdtree.o(i._FDTree_Insert) for _FDTree_Insert
    heap2.o(i.___Heap_Stats$realtime) refers to heap2.o(i._Heap2_StatsIterate) for _Heap2_StatsIterate
    heap2.o(i.___Heap_Valid$realtime) refers to heap2.o(i._FDIterate) for _FDIterate
    heap2.o(i.___Heap_Valid$realtime) refers to heap2.o(.conststring) for .conststring
    heap2.o(i._free$realtime) refers to rt_heap_descriptor_intlibspace.o(.text) for __rt_heap_descriptor
    heap2.o(i._free$realtime) refers to fdtree.o(i._FDTree_Delete) for _FDTree_Delete
    heap2.o(i._free$realtime) refers to fdtree.o(i._FDTree_Insert) for _FDTree_Insert
    heap2.o(i._malloc$realtime) refers to rt_heap_descriptor_intlibspace.o(.text) for __rt_heap_descriptor
    heap2.o(i._malloc$realtime) refers to fdtree.o(i._FDTree_FindFirst) for _FDTree_FindFirst
    heap2.o(i._malloc$realtime) refers to init_alloc.o(.text) for __Heap_Full
    heap2.o(i._malloc$realtime) refers to fdtree.o(i._FDTree_RemoveNode) for _FDTree_RemoveNode
    heap2.o(i._malloc$realtime) refers to fdtree.o(i._FDTree_Insert) for _FDTree_Insert
    heap2.o(i._posix_memalign$realtime) refers to rt_heap_descriptor_intlibspace.o(.text) for __rt_heap_descriptor
    heap2.o(i._posix_memalign$realtime) refers to fdtree.o(i._FDTree_FindFirst) for _FDTree_FindFirst
    heap2.o(i._posix_memalign$realtime) refers to init_alloc.o(.text) for __Heap_Full
    heap2.o(i._posix_memalign$realtime) refers to fdtree.o(i._FDTree_RemoveNode) for _FDTree_RemoveNode
    heap2.o(i._posix_memalign$realtime) refers to fdtree.o(i._FDTree_Insert) for _FDTree_Insert
    heap2.o(i._realloc$realtime) refers to rt_heap_descriptor_intlibspace.o(.text) for __rt_heap_descriptor
    heap2.o(i._realloc$realtime) refers to fdtree.o(i._FDTree_Insert) for _FDTree_Insert
    heap2.o(i._realloc$realtime) refers to h1_free.o(.text) for free
    heap2.o(i._realloc$realtime) refers to h1_alloc.o(.text) for malloc
    heap2.o(i._realloc$realtime) refers to fdtree.o(i._FDTree_Delete) for _FDTree_Delete
    heap2.o(i._realloc$realtime) refers to rt_memcpy_w.o(.text) for __aeabi_memcpy4
    heap2mt.o(i._FDIterate) refers to heap2mt.o(.conststring) for .conststring
    heap2mt.o(i.___Heap_Initialize$realtime$concurrent) refers to mutex_dummy.o(.text) for _mutex_initialize
    heap2mt.o(i.___Heap_ProvideMemory$realtime$concurrent) refers to fdtree.o(i._FDTree_Delete) for _FDTree_Delete
    heap2mt.o(i.___Heap_ProvideMemory$realtime$concurrent) refers to fdtree.o(i._FDTree_Insert) for _FDTree_Insert
    heap2mt.o(i.___Heap_Stats$realtime$concurrent) refers to heap2mt.o(i._Heap2_StatsIterate) for _Heap2_StatsIterate
    heap2mt.o(i.___Heap_Valid$realtime$concurrent) refers to heap2mt.o(i._FDIterate) for _FDIterate
    heap2mt.o(i.___Heap_Valid$realtime$concurrent) refers to heap2mt.o(.conststring) for .conststring
    heap2mt.o(i._free$realtime$concurrent) refers to rt_heap_descriptor_intlibspace.o(.text) for __rt_heap_descriptor
    heap2mt.o(i._free$realtime$concurrent) refers to fdtree.o(i._FDTree_Delete) for _FDTree_Delete
    heap2mt.o(i._free$realtime$concurrent) refers to fdtree.o(i._FDTree_Insert) for _FDTree_Insert
    heap2mt.o(i._malloc$realtime$concurrent) refers to rt_heap_descriptor_intlibspace.o(.text) for __rt_heap_descriptor
    heap2mt.o(i._malloc$realtime$concurrent) refers to fdtree.o(i._FDTree_FindFirst) for _FDTree_FindFirst
    heap2mt.o(i._malloc$realtime$concurrent) refers to init_alloc.o(.text) for __Heap_Full
    heap2mt.o(i._malloc$realtime$concurrent) refers to fdtree.o(i._FDTree_RemoveNode) for _FDTree_RemoveNode
    heap2mt.o(i._malloc$realtime$concurrent) refers to fdtree.o(i._FDTree_Insert) for _FDTree_Insert
    heap2mt.o(i._posix_memalign$realtime$concurrent) refers to rt_heap_descriptor_intlibspace.o(.text) for __rt_heap_descriptor
    heap2mt.o(i._posix_memalign$realtime$concurrent) refers to fdtree.o(i._FDTree_FindFirst) for _FDTree_FindFirst
    heap2mt.o(i._posix_memalign$realtime$concurrent) refers to init_alloc.o(.text) for __Heap_Full
    heap2mt.o(i._posix_memalign$realtime$concurrent) refers to fdtree.o(i._FDTree_RemoveNode) for _FDTree_RemoveNode
    heap2mt.o(i._posix_memalign$realtime$concurrent) refers to fdtree.o(i._FDTree_Insert) for _FDTree_Insert
    heap2mt.o(i._realloc$realtime$concurrent) refers to rt_heap_descriptor_intlibspace.o(.text) for __rt_heap_descriptor
    heap2mt.o(i._realloc$realtime$concurrent) refers to fdtree.o(i._FDTree_Insert) for _FDTree_Insert
    heap2mt.o(i._realloc$realtime$concurrent) refers to h1_free.o(.text) for free
    heap2mt.o(i._realloc$realtime$concurrent) refers to h1_alloc.o(.text) for malloc
    heap2mt.o(i._realloc$realtime$concurrent) refers to fdtree.o(i._FDTree_Delete) for _FDTree_Delete
    heap2mt.o(i._realloc$realtime$concurrent) refers to rt_memcpy_w.o(.text) for __aeabi_memcpy4
    __2sprintf.o(.text) refers to _printf_char_common.o(.text) for _printf_char_common
    __2sprintf.o(.text) refers to _sputc.o(.text) for _sputc
    noretval__2sprintf.o(.text) refers to _printf_char_common.o(.text) for _printf_char_common
    noretval__2sprintf.o(.text) refers to _sputc.o(.text) for _sputc
    __printf.o(.text) refers to _printf_percent.o(.ARM.Collect$$_printf_percent$$00000000) for _printf_percent
    _printf_dec.o(.text) refers to _printf_intcommon.o(.text) for _printf_int_common
    __printf_flags.o(.text) refers to _printf_percent.o(.ARM.Collect$$_printf_percent$$00000000) for _printf_percent
    __printf_flags.o(.text) refers to __printf_flags.o(.constdata) for .constdata
    __printf_ss.o(.text) refers to _printf_percent.o(.ARM.Collect$$_printf_percent$$00000000) for _printf_percent
    __printf_flags_ss.o(.text) refers to _printf_percent.o(.ARM.Collect$$_printf_percent$$00000000) for _printf_percent
    __printf_flags_ss.o(.text) refers to __printf_flags_ss.o(.constdata) for .constdata
    __printf_wp.o(.text) refers to __printf_wp.o(i._is_digit) for _is_digit
    __printf_wp.o(.text) refers to _printf_percent.o(.ARM.Collect$$_printf_percent$$00000000) for _printf_percent
    __printf_flags_wp.o(.text) refers to __printf_wp.o(i._is_digit) for _is_digit
    __printf_flags_wp.o(.text) refers to _printf_percent.o(.ARM.Collect$$_printf_percent$$00000000) for _printf_percent
    __printf_flags_wp.o(.text) refers to __printf_flags_wp.o(.constdata) for .constdata
    __printf_ss_wp.o(.text) refers to __printf_wp.o(i._is_digit) for _is_digit
    __printf_ss_wp.o(.text) refers to _printf_percent.o(.ARM.Collect$$_printf_percent$$00000000) for _printf_percent
    __printf_flags_ss_wp.o(.text) refers to __printf_wp.o(i._is_digit) for _is_digit
    __printf_flags_ss_wp.o(.text) refers to _printf_percent.o(.ARM.Collect$$_printf_percent$$00000000) for _printf_percent
    __printf_flags_ss_wp.o(.text) refers to __printf_flags_ss_wp.o(.constdata) for .constdata
    _printf_u.o(.ARM.Collect$$_printf_percent$$0000000A) refers (Weak) to _printf_dec.o(.text) for _printf_int_dec
    _printf_percent.o(.ARM.Collect$$_printf_percent$$00000000) refers (Special) to _printf_percent_end.o(.ARM.Collect$$_printf_percent$$00000017) for _printf_percent_end
    __main.o(!!!main) refers to __rtentry.o(.ARM.Collect$$rtentry$$00000000) for __rt_entry
    __rtentry.o(.ARM.Collect$$rtentry$$00000000) refers (Special) to __rtentry2.o(.ARM.Collect$$rtentry$$0000000A) for __rt_entry_li
    __rtentry.o(.ARM.Collect$$rtentry$$00000000) refers (Special) to __rtentry2.o(.ARM.Collect$$rtentry$$0000000D) for __rt_entry_main
    __rtentry.o(.ARM.Collect$$rtentry$$00000000) refers (Special) to __rtentry2.o(.ARM.Collect$$rtentry$$0000000C) for __rt_entry_postli_1
    __rtentry.o(.ARM.Collect$$rtentry$$00000000) refers (Special) to __rtentry2.o(.ARM.Collect$$rtentry$$00000009) for __rt_entry_postsh_1
    __rtentry.o(.ARM.Collect$$rtentry$$00000000) refers (Special) to __rtentry2.o(.ARM.Collect$$rtentry$$00000002) for __rt_entry_presh_1
    __rtentry.o(.ARM.Collect$$rtentry$$00000000) refers (Special) to __rtentry4.o(.ARM.Collect$$rtentry$$00000004) for __rt_entry_sh
    rt_heap_descriptor.o(.text) refers to rt_heap_descriptor.o(.bss) for __rt_heap_descriptor_data
    rt_heap_descriptor_intlibspace.o(.text) refers to libspace.o(.bss) for __libspace_start
    init_alloc.o(.text) refers (Special) to hguard.o(.text) for __heap$guard
    init_alloc.o(.text) refers (Special) to libinit2.o(.ARM.Collect$$libinit$$00000005) for __rt_lib_init_heap_2
    init_alloc.o(.text) refers (Special) to maybetermalloc1.o(.emb_text) for _maybe_terminate_alloc
    init_alloc.o(.text) refers to h1_extend.o(.text) for __Heap_ProvideMemory
    init_alloc.o(.text) refers to defsig_rtmem_outer.o(.text) for __rt_SIGRTMEM
    init_alloc.o(.text) refers to rt_heap_descriptor_intlibspace.o(.text) for __rt_heap_descriptor
    init_alloc.o(.text) refers to h1_init.o(.text) for __Heap_Initialize
    h1_init_mt.o(.text) refers to mutex_dummy.o(.text) for _mutex_initialize
    _printf_char_common.o(.text) refers to __printf_ss.o(.text) for __printf
    _get_argv.o(.text) refers (Special) to hrguard.o(.text) for __heap_region$guard
    _get_argv.o(.text) refers to h1_alloc.o(.text) for malloc
    _get_argv.o(.text) refers to defsig_rtmem_outer.o(.text) for __rt_SIGRTMEM
    _get_argv.o(.text) refers to sys_command.o(.text) for _sys_command_string
    libinit2.o(.ARM.Collect$$libinit$$00000005) refers (Weak) to init_alloc.o(.text) for _init_alloc
    libinit2.o(.ARM.Collect$$libinit$$00000010) refers to libinit2.o(.ARM.Collect$$libinit$$0000000F) for .ARM.Collect$$libinit$$0000000F
    libinit2.o(.ARM.Collect$$libinit$$00000012) refers to libinit2.o(.ARM.Collect$$libinit$$0000000F) for .ARM.Collect$$libinit$$0000000F
    libinit2.o(.ARM.Collect$$libinit$$00000014) refers to libinit2.o(.ARM.Collect$$libinit$$0000000F) for .ARM.Collect$$libinit$$0000000F
    libinit2.o(.ARM.Collect$$libinit$$00000016) refers to libinit2.o(.ARM.Collect$$libinit$$0000000F) for .ARM.Collect$$libinit$$0000000F
    libinit2.o(.ARM.Collect$$libinit$$00000018) refers to libinit2.o(.ARM.Collect$$libinit$$0000000F) for .ARM.Collect$$libinit$$0000000F
    libinit2.o(.ARM.Collect$$libinit$$00000026) refers to argv_veneer.o(.emb_text) for __ARM_argv_veneer
    libinit2.o(.ARM.Collect$$libinit$$00000027) refers to argv_veneer.o(.emb_text) for __ARM_argv_veneer
    sys_command.o(.text) refers (Special) to use_no_semi.o(.text) for __I$use$semihosting
    sys_command.o(.text) refers (Special) to indicate_semi.o(.text) for __semihosting_library_function
    libspace.o(.text) refers to libspace.o(.bss) for __libspace_start
    __rtentry2.o(.ARM.Collect$$rtentry$$00000008) refers to boardinit2.o(.text) for _platform_post_stackheap_init
    __rtentry2.o(.ARM.Collect$$rtentry$$0000000A) refers to libinit.o(.ARM.Collect$$libinit$$00000000) for __rt_lib_init
    __rtentry2.o(.ARM.Collect$$rtentry$$0000000B) refers to boardinit3.o(.text) for _platform_post_lib_init
    __rtentry2.o(.ARM.Collect$$rtentry$$0000000D) refers to main.o(i.main) for main
    __rtentry2.o(.ARM.Collect$$rtentry$$0000000D) refers to exit.o(.text) for exit
    __rtentry2.o(.ARM.exidx) refers to __rtentry2.o(.ARM.Collect$$rtentry$$00000001) for .ARM.Collect$$rtentry$$00000001
    __rtentry2.o(.ARM.exidx) refers to __rtentry2.o(.ARM.Collect$$rtentry$$00000008) for .ARM.Collect$$rtentry$$00000008
    __rtentry2.o(.ARM.exidx) refers to __rtentry2.o(.ARM.Collect$$rtentry$$0000000A) for .ARM.Collect$$rtentry$$0000000A
    __rtentry2.o(.ARM.exidx) refers to __rtentry2.o(.ARM.Collect$$rtentry$$0000000B) for .ARM.Collect$$rtentry$$0000000B
    __rtentry2.o(.ARM.exidx) refers to __rtentry2.o(.ARM.Collect$$rtentry$$0000000D) for .ARM.Collect$$rtentry$$0000000D
    __rtentry4.o(.ARM.Collect$$rtentry$$00000004) refers to sys_stackheap_outer.o(.text) for __user_setup_stackheap
    __rtentry4.o(.ARM.exidx) refers to __rtentry4.o(.ARM.Collect$$rtentry$$00000004) for .ARM.Collect$$rtentry$$00000004
    maybetermalloc2.o(.emb_text) refers (Special) to term_alloc.o(.text) for _terminate_alloc
    h1_extend.o(.text) refers to h1_free.o(.text) for free
    h1_extend_mt.o(.text) refers to h1_free_mt.o(.text) for _free_internal
    defsig_rtmem_outer.o(.text) refers to defsig_rtmem_inner.o(.text) for __rt_SIGRTMEM_inner
    defsig_rtmem_outer.o(.text) refers to defsig_exit.o(.text) for __sig_exit
    defsig_rtmem_formal.o(.text) refers to rt_raise.o(.text) for __rt_raise
    heapauxa.o(.text) refers to heapauxa.o(.data) for .data
    argv_veneer.o(.emb_text) refers to no_argv.o(.text) for __ARM_get_argv
    sys_stackheap_outer.o(.text) refers to libspace.o(.text) for __user_perproc_libspace
    sys_stackheap_outer.o(.text) refers to startup_stm32f10x_md.o(.text) for __user_initial_stackheap
    rt_raise.o(.text) refers to __raise.o(.text) for __raise
    rt_raise.o(.text) refers to sys_exit.o(.text) for _sys_exit
    term_alloc.o(.text) refers (Special) to libshutdown2.o(.ARM.Collect$$libshutdown$$0000000E) for __rt_lib_shutdown_heap_2
    term_alloc.o(.text) refers to rt_heap_descriptor_intlibspace.o(.text) for __rt_heap_descriptor
    term_alloc.o(.text) refers to h1_final.o(.text) for __Heap_Finalize
    exit.o(.text) refers to rtexit.o(.ARM.Collect$$rtexit$$00000000) for __rt_exit
    defsig_exit.o(.text) refers to sys_exit.o(.text) for _sys_exit
    defsig_rtmem_inner.o(.text) refers to defsig_general.o(.text) for __default_signal_display
    _get_argv_nomalloc.o(.text) refers (Special) to hrguard.o(.text) for __heap_region$guard
    _get_argv_nomalloc.o(.text) refers to defsig_rtmem_outer.o(.text) for __rt_SIGRTMEM
    _get_argv_nomalloc.o(.text) refers to sys_command.o(.text) for _sys_command_string
    libinit.o(.ARM.Collect$$libinit$$00000000) refers (Special) to libinit2.o(.ARM.Collect$$libinit$$0000002E) for __rt_lib_init_alloca_1
    libinit.o(.ARM.Collect$$libinit$$00000000) refers (Special) to libinit2.o(.ARM.Collect$$libinit$$0000002C) for __rt_lib_init_argv_1
    libinit.o(.ARM.Collect$$libinit$$00000000) refers (Special) to libinit2.o(.ARM.Collect$$libinit$$0000001B) for __rt_lib_init_atexit_1
    libinit.o(.ARM.Collect$$libinit$$00000000) refers (Special) to libinit2.o(.ARM.Collect$$libinit$$00000021) for __rt_lib_init_clock_1
    libinit.o(.ARM.Collect$$libinit$$00000000) refers (Special) to libinit2.o(.ARM.Collect$$libinit$$00000032) for __rt_lib_init_cpp_1
    libinit.o(.ARM.Collect$$libinit$$00000000) refers (Special) to libinit2.o(.ARM.Collect$$libinit$$00000030) for __rt_lib_init_exceptions_1
    libinit.o(.ARM.Collect$$libinit$$00000000) refers (Special) to libinit2.o(.ARM.Collect$$libinit$$00000002) for __rt_lib_init_fp_1
    libinit.o(.ARM.Collect$$libinit$$00000000) refers (Special) to libinit2.o(.ARM.Collect$$libinit$$0000001F) for __rt_lib_init_fp_trap_1
    libinit.o(.ARM.Collect$$libinit$$00000000) refers (Special) to libinit2.o(.ARM.Collect$$libinit$$00000023) for __rt_lib_init_getenv_1
    libinit.o(.ARM.Collect$$libinit$$00000000) refers (Special) to libinit2.o(.ARM.Collect$$libinit$$0000000A) for __rt_lib_init_heap_1
    libinit.o(.ARM.Collect$$libinit$$00000000) refers (Special) to libinit2.o(.ARM.Collect$$libinit$$00000011) for __rt_lib_init_lc_collate_1
    libinit.o(.ARM.Collect$$libinit$$00000000) refers (Special) to libinit2.o(.ARM.Collect$$libinit$$00000013) for __rt_lib_init_lc_ctype_1
    libinit.o(.ARM.Collect$$libinit$$00000000) refers (Special) to libinit2.o(.ARM.Collect$$libinit$$00000015) for __rt_lib_init_lc_monetary_1
    libinit.o(.ARM.Collect$$libinit$$00000000) refers (Special) to libinit2.o(.ARM.Collect$$libinit$$00000017) for __rt_lib_init_lc_numeric_1
    libinit.o(.ARM.Collect$$libinit$$00000000) refers (Special) to libinit2.o(.ARM.Collect$$libinit$$00000019) for __rt_lib_init_lc_time_1
    libinit.o(.ARM.Collect$$libinit$$00000000) refers (Special) to libinit2.o(.ARM.Collect$$libinit$$00000004) for __rt_lib_init_preinit_1
    libinit.o(.ARM.Collect$$libinit$$00000000) refers (Special) to libinit2.o(.ARM.Collect$$libinit$$0000000E) for __rt_lib_init_rand_1
    libinit.o(.ARM.Collect$$libinit$$00000000) refers (Special) to libinit2.o(.ARM.Collect$$libinit$$00000033) for __rt_lib_init_return
    libinit.o(.ARM.Collect$$libinit$$00000000) refers (Special) to libinit2.o(.ARM.Collect$$libinit$$0000001D) for __rt_lib_init_signal_1
    libinit.o(.ARM.Collect$$libinit$$00000000) refers (Special) to libinit2.o(.ARM.Collect$$libinit$$00000025) for __rt_lib_init_stdio_1
    libinit.o(.ARM.Collect$$libinit$$00000000) refers (Special) to libinit2.o(.ARM.Collect$$libinit$$0000000C) for __rt_lib_init_user_alloc_1
    sys_exit.o(.text) refers (Special) to use_no_semi.o(.text) for __I$use$semihosting
    sys_exit.o(.text) refers (Special) to indicate_semi.o(.text) for __semihosting_library_function
    rtexit.o(.ARM.Collect$$rtexit$$00000000) refers (Special) to rtexit2.o(.ARM.Collect$$rtexit$$00000004) for __rt_exit_exit
    rtexit.o(.ARM.Collect$$rtexit$$00000000) refers (Special) to rtexit2.o(.ARM.Collect$$rtexit$$00000003) for __rt_exit_ls
    rtexit.o(.ARM.Collect$$rtexit$$00000000) refers (Special) to rtexit2.o(.ARM.Collect$$rtexit$$00000002) for __rt_exit_prels_1
    rtexit.o(.ARM.exidx) refers (Special) to rtexit2.o(.ARM.Collect$$rtexit$$00000004) for __rt_exit_exit
    rtexit.o(.ARM.exidx) refers (Special) to rtexit2.o(.ARM.Collect$$rtexit$$00000003) for __rt_exit_ls
    rtexit.o(.ARM.exidx) refers (Special) to rtexit2.o(.ARM.Collect$$rtexit$$00000002) for __rt_exit_prels_1
    rtexit.o(.ARM.exidx) refers to rtexit.o(.ARM.Collect$$rtexit$$00000000) for .ARM.Collect$$rtexit$$00000000
    __raise.o(.text) refers to defsig.o(CL$$defsig) for __default_signal_handler
    defsig_general.o(.text) refers to sys_wrch.o(.text) for _ttywrch
    libshutdown2.o(.ARM.Collect$$libshutdown$$0000000D) refers (Weak) to term_alloc.o(.text) for _terminate_alloc
    sys_wrch.o(.text) refers (Special) to use_no_semi.o(.text) for __I$use$semihosting
    sys_wrch.o(.text) refers (Special) to indicate_semi.o(.text) for __semihosting_library_function
    rtexit2.o(.ARM.Collect$$rtexit$$00000003) refers to libshutdown.o(.ARM.Collect$$libshutdown$$00000000) for __rt_lib_shutdown
    rtexit2.o(.ARM.Collect$$rtexit$$00000004) refers to sys_exit.o(.text) for _sys_exit
    rtexit2.o(.ARM.exidx) refers to rtexit2.o(.ARM.Collect$$rtexit$$00000001) for .ARM.Collect$$rtexit$$00000001
    rtexit2.o(.ARM.exidx) refers to rtexit2.o(.ARM.Collect$$rtexit$$00000003) for .ARM.Collect$$rtexit$$00000003
    rtexit2.o(.ARM.exidx) refers to rtexit2.o(.ARM.Collect$$rtexit$$00000004) for .ARM.Collect$$rtexit$$00000004
    defsig.o(CL$$defsig) refers to defsig_rtmem_inner.o(.text) for __rt_SIGRTMEM_inner
    defsig_abrt_inner.o(.text) refers to defsig_general.o(.text) for __default_signal_display
    defsig_fpe_inner.o(.text) refers to defsig_general.o(.text) for __default_signal_display
    defsig_rtred_inner.o(.text) refers to defsig_general.o(.text) for __default_signal_display
    defsig_stak_inner.o(.text) refers to defsig_general.o(.text) for __default_signal_display
    defsig_pvfn_inner.o(.text) refers to defsig_general.o(.text) for __default_signal_display
    defsig_cppl_inner.o(.text) refers to defsig_general.o(.text) for __default_signal_display
    defsig_segv_inner.o(.text) refers to defsig_general.o(.text) for __default_signal_display
    defsig_other.o(.text) refers to defsig_general.o(.text) for __default_signal_display
    libshutdown.o(.ARM.Collect$$libshutdown$$00000000) refers (Special) to libshutdown2.o(.ARM.Collect$$libshutdown$$00000002) for __rt_lib_shutdown_cpp_1
    libshutdown.o(.ARM.Collect$$libshutdown$$00000000) refers (Special) to libshutdown2.o(.ARM.Collect$$libshutdown$$00000007) for __rt_lib_shutdown_fp_trap_1
    libshutdown.o(.ARM.Collect$$libshutdown$$00000000) refers (Special) to libshutdown2.o(.ARM.Collect$$libshutdown$$0000000F) for __rt_lib_shutdown_heap_1
    libshutdown.o(.ARM.Collect$$libshutdown$$00000000) refers (Special) to libshutdown2.o(.ARM.Collect$$libshutdown$$00000010) for __rt_lib_shutdown_return
    libshutdown.o(.ARM.Collect$$libshutdown$$00000000) refers (Special) to libshutdown2.o(.ARM.Collect$$libshutdown$$0000000A) for __rt_lib_shutdown_signal_1
    libshutdown.o(.ARM.Collect$$libshutdown$$00000000) refers (Special) to libshutdown2.o(.ARM.Collect$$libshutdown$$00000004) for __rt_lib_shutdown_stdio_1
    libshutdown.o(.ARM.Collect$$libshutdown$$00000000) refers (Special) to libshutdown2.o(.ARM.Collect$$libshutdown$$0000000C) for __rt_lib_shutdown_user_alloc_1


==============================================================================

Removing Unused input sections from the image.

    Removing main.o(.rev16_text), (4 bytes).
    Removing main.o(.revsh_text), (4 bytes).
    Removing main.o(.rrx_text), (6 bytes).
    Removing main.o(i.delay), (48 bytes).
    Removing main.o(i.usartSendUint32), (32 bytes).
    Removing misc.o(.rev16_text), (4 bytes).
    Removing misc.o(.revsh_text), (4 bytes).
    Removing misc.o(.rrx_text), (6 bytes).
    Removing misc.o(i.NVIC_Init), (112 bytes).
    Removing misc.o(i.NVIC_PriorityGroupConfig), (20 bytes).
    Removing misc.o(i.NVIC_SetVectorTable), (20 bytes).
    Removing misc.o(i.NVIC_SystemLPConfig), (32 bytes).
    Removing misc.o(i.SysTick_CLKSourceConfig), (40 bytes).
    Removing stm32f10x_gpio.o(.rev16_text), (4 bytes).
    Removing stm32f10x_gpio.o(.revsh_text), (4 bytes).
    Removing stm32f10x_gpio.o(.rrx_text), (6 bytes).
    Removing stm32f10x_gpio.o(i.GPIO_AFIODeInit), (20 bytes).
    Removing stm32f10x_gpio.o(i.GPIO_DeInit), (200 bytes).
    Removing stm32f10x_gpio.o(i.GPIO_ETH_MediaInterfaceConfig), (12 bytes).
    Removing stm32f10x_gpio.o(i.GPIO_EXTILineConfig), (64 bytes).
    Removing stm32f10x_gpio.o(i.GPIO_EventOutputCmd), (12 bytes).
    Removing stm32f10x_gpio.o(i.GPIO_EventOutputConfig), (32 bytes).
    Removing stm32f10x_gpio.o(i.GPIO_PinLockConfig), (18 bytes).
    Removing stm32f10x_gpio.o(i.GPIO_PinRemapConfig), (144 bytes).
    Removing stm32f10x_gpio.o(i.GPIO_ReadInputData), (8 bytes).
    Removing stm32f10x_gpio.o(i.GPIO_ReadInputDataBit), (18 bytes).
    Removing stm32f10x_gpio.o(i.GPIO_ReadOutputData), (8 bytes).
    Removing stm32f10x_gpio.o(i.GPIO_ReadOutputDataBit), (18 bytes).
    Removing stm32f10x_gpio.o(i.GPIO_ResetBits), (4 bytes).
    Removing stm32f10x_gpio.o(i.GPIO_SetBits), (4 bytes).
    Removing stm32f10x_gpio.o(i.GPIO_StructInit), (16 bytes).
    Removing stm32f10x_gpio.o(i.GPIO_Write), (4 bytes).
    Removing stm32f10x_gpio.o(i.GPIO_WriteBit), (10 bytes).
    Removing stm32f10x_rcc.o(.rev16_text), (4 bytes).
    Removing stm32f10x_rcc.o(.revsh_text), (4 bytes).
    Removing stm32f10x_rcc.o(.rrx_text), (6 bytes).
    Removing stm32f10x_rcc.o(i.RCC_ADCCLKConfig), (24 bytes).
    Removing stm32f10x_rcc.o(i.RCC_APB1PeriphResetCmd), (32 bytes).
    Removing stm32f10x_rcc.o(i.RCC_APB2PeriphResetCmd), (32 bytes).
    Removing stm32f10x_rcc.o(i.RCC_AdjustHSICalibrationValue), (24 bytes).
    Removing stm32f10x_rcc.o(i.RCC_BackupResetCmd), (12 bytes).
    Removing stm32f10x_rcc.o(i.RCC_ClearFlag), (20 bytes).
    Removing stm32f10x_rcc.o(i.RCC_ClearITPendingBit), (12 bytes).
    Removing stm32f10x_rcc.o(i.RCC_ClockSecuritySystemCmd), (12 bytes).
    Removing stm32f10x_rcc.o(i.RCC_DeInit), (76 bytes).
    Removing stm32f10x_rcc.o(i.RCC_GetITStatus), (24 bytes).
    Removing stm32f10x_rcc.o(i.RCC_GetSYSCLKSource), (16 bytes).
    Removing stm32f10x_rcc.o(i.RCC_HSICmd), (12 bytes).
    Removing stm32f10x_rcc.o(i.RCC_ITConfig), (32 bytes).
    Removing stm32f10x_rcc.o(i.RCC_LSEConfig), (52 bytes).
    Removing stm32f10x_rcc.o(i.RCC_LSICmd), (12 bytes).
    Removing stm32f10x_rcc.o(i.RCC_MCOConfig), (12 bytes).
    Removing stm32f10x_rcc.o(i.RCC_RTCCLKCmd), (12 bytes).
    Removing stm32f10x_rcc.o(i.RCC_RTCCLKConfig), (16 bytes).
    Removing stm32f10x_rcc.o(i.RCC_USBCLKConfig), (12 bytes).
    Removing stm32f10x_rcc.o(i.RCC_WaitForHSEStartUp), (56 bytes).
    Removing stm32f10x_usart.o(.rev16_text), (4 bytes).
    Removing stm32f10x_usart.o(.revsh_text), (4 bytes).
    Removing stm32f10x_usart.o(.rrx_text), (6 bytes).
    Removing stm32f10x_usart.o(i.USART_ClearFlag), (18 bytes).
    Removing stm32f10x_usart.o(i.USART_ClockInit), (34 bytes).
    Removing stm32f10x_usart.o(i.USART_ClockStructInit), (12 bytes).
    Removing stm32f10x_usart.o(i.USART_DMACmd), (18 bytes).
    Removing stm32f10x_usart.o(i.USART_DeInit), (156 bytes).
    Removing stm32f10x_usart.o(i.USART_HalfDuplexCmd), (24 bytes).
    Removing stm32f10x_usart.o(i.USART_IrDACmd), (24 bytes).
    Removing stm32f10x_usart.o(i.USART_IrDAConfig), (18 bytes).
    Removing stm32f10x_usart.o(i.USART_LINBreakDetectLengthConfig), (18 bytes).
    Removing stm32f10x_usart.o(i.USART_LINCmd), (24 bytes).
    Removing stm32f10x_usart.o(i.USART_OneBitMethodCmd), (24 bytes).
    Removing stm32f10x_usart.o(i.USART_OverSampling8Cmd), (22 bytes).
    Removing stm32f10x_usart.o(i.USART_ReceiverWakeUpCmd), (24 bytes).
    Removing stm32f10x_usart.o(i.USART_SendBreak), (10 bytes).
    Removing stm32f10x_usart.o(i.USART_SetAddress), (18 bytes).
    Removing stm32f10x_usart.o(i.USART_SetGuardTime), (16 bytes).
    Removing stm32f10x_usart.o(i.USART_SetPrescaler), (16 bytes).
    Removing stm32f10x_usart.o(i.USART_SmartCardCmd), (24 bytes).
    Removing stm32f10x_usart.o(i.USART_SmartCardNACKCmd), (24 bytes).
    Removing stm32f10x_usart.o(i.USART_StructInit), (24 bytes).
    Removing stm32f10x_usart.o(i.USART_WakeUpConfig), (18 bytes).
    Removing gpio_stm32f10x.o(.rev16_text), (4 bytes).
    Removing gpio_stm32f10x.o(.revsh_text), (4 bytes).
    Removing gpio_stm32f10x.o(.rrx_text), (6 bytes).
    Removing gpio_stm32f10x.o(i.GPIO_AFConfigure), (88 bytes).
    Removing gpio_stm32f10x.o(i.GPIO_GetPortClockState), (152 bytes).
    Removing gpio_stm32f10x.o(i.GPIO_PinConfigure), (120 bytes).
    Removing gpio_stm32f10x.o(i.GPIO_PortClock), (316 bytes).
    Removing system_stm32f10x.o(.rev16_text), (4 bytes).
    Removing system_stm32f10x.o(.revsh_text), (4 bytes).
    Removing system_stm32f10x.o(.rrx_text), (6 bytes).
    Removing system_stm32f10x.o(i.SystemCoreClockUpdate), (164 bytes).

91 unused section(s) (total 2900 bytes) removed from the image.

==============================================================================

Image Symbol Table

    Local Symbols

    Symbol Name                              Value     Ov Type        Size  Object(Section)

    ../clib/angel/boardlib.s                 0x00000000   Number         0  boardinit1.o ABSOLUTE
    ../clib/angel/boardlib.s                 0x00000000   Number         0  boardinit3.o ABSOLUTE
    ../clib/angel/boardlib.s                 0x00000000   Number         0  boardinit2.o ABSOLUTE
    ../clib/angel/boardlib.s                 0x00000000   Number         0  boardshut.o ABSOLUTE
    ../clib/angel/handlers.s                 0x00000000   Number         0  __scatter_copy.o ABSOLUTE
    ../clib/angel/handlers.s                 0x00000000   Number         0  __scatter_zi.o ABSOLUTE
    ../clib/angel/kernel.s                   0x00000000   Number         0  __rtentry.o ABSOLUTE
    ../clib/angel/kernel.s                   0x00000000   Number         0  rtexit.o ABSOLUTE
    ../clib/angel/kernel.s                   0x00000000   Number         0  __rtentry4.o ABSOLUTE
    ../clib/angel/kernel.s                   0x00000000   Number         0  rtexit2.o ABSOLUTE
    ../clib/angel/kernel.s                   0x00000000   Number         0  __rtentry2.o ABSOLUTE
    ../clib/angel/rt.s                       0x00000000   Number         0  rt_raise.o ABSOLUTE
    ../clib/angel/rt.s                       0x00000000   Number         0  rt_heap_descriptor_intlibspace.o ABSOLUTE
    ../clib/angel/rt.s                       0x00000000   Number         0  rt_heap_descriptor.o ABSOLUTE
    ../clib/angel/scatter.s                  0x00000000   Number         0  __scatter.o ABSOLUTE
    ../clib/angel/startup.s                  0x00000000   Number         0  __main.o ABSOLUTE
    ../clib/angel/sys.s                      0x00000000   Number         0  indicate_semi.o ABSOLUTE
    ../clib/angel/sys.s                      0x00000000   Number         0  use_no_semi.o ABSOLUTE
    ../clib/angel/sys.s                      0x00000000   Number         0  libspace.o ABSOLUTE
    ../clib/angel/sys.s                      0x00000000   Number         0  sys_stackheap_outer.o ABSOLUTE
    ../clib/angel/sys.s                      0x00000000   Number         0  mutex_dummy.o ABSOLUTE
    ../clib/angel/sysapp.c                   0x00000000   Number         0  sys_exit.o ABSOLUTE
    ../clib/angel/sysapp.c                   0x00000000   Number         0  sys_command.o ABSOLUTE
    ../clib/angel/sysapp.c                   0x00000000   Number         0  sys_wrch.o ABSOLUTE
    ../clib/armsys.c                         0x00000000   Number         0  no_argv.o ABSOLUTE
    ../clib/armsys.c                         0x00000000   Number         0  _get_argv_nomalloc.o ABSOLUTE
    ../clib/armsys.c                         0x00000000   Number         0  argv_veneer.o ABSOLUTE
    ../clib/armsys.c                         0x00000000   Number         0  argv_veneer.o ABSOLUTE
    ../clib/armsys.c                         0x00000000   Number         0  _get_argv.o ABSOLUTE
    ../clib/heap1.c                          0x00000000   Number         0  h1_free_mt.o ABSOLUTE
    ../clib/heap1.c                          0x00000000   Number         0  h1_alloc_mt.o ABSOLUTE
    ../clib/heap1.c                          0x00000000   Number         0  h1_free.o ABSOLUTE
    ../clib/heap1.c                          0x00000000   Number         0  h1_alloc.o ABSOLUTE
    ../clib/heap1.c                          0x00000000   Number         0  h1_final.o ABSOLUTE
    ../clib/heap1.c                          0x00000000   Number         0  h1_init_mt.o ABSOLUTE
    ../clib/heap1.c                          0x00000000   Number         0  h1_init.o ABSOLUTE
    ../clib/heap1.c                          0x00000000   Number         0  h1_final_mt.o ABSOLUTE
    ../clib/heap1.c                          0x00000000   Number         0  h1_extend_mt.o ABSOLUTE
    ../clib/heap1.c                          0x00000000   Number         0  h1_extend.o ABSOLUTE
    ../clib/heap2.c                          0x00000000   Number         0  fdtree.o ABSOLUTE
    ../clib/heap2.c                          0x00000000   Number         0  heap2mt.o ABSOLUTE
    ../clib/heap2.c                          0x00000000   Number         0  heap2.o ABSOLUTE
    ../clib/heapalloc.c                      0x00000000   Number         0  maybetermalloc2.o ABSOLUTE
    ../clib/heapalloc.c                      0x00000000   Number         0  maybetermalloc1.o ABSOLUTE
    ../clib/heapalloc.c                      0x00000000   Number         0  maybetermalloc1.o ABSOLUTE
    ../clib/heapalloc.c                      0x00000000   Number         0  hrguard.o ABSOLUTE
    ../clib/heapalloc.c                      0x00000000   Number         0  hguard.o ABSOLUTE
    ../clib/heapalloc.c                      0x00000000   Number         0  init_alloc.o ABSOLUTE
    ../clib/heapalloc.c                      0x00000000   Number         0  term_alloc.o ABSOLUTE
    ../clib/heapalloc.c                      0x00000000   Number         0  heapstubs.o ABSOLUTE
    ../clib/heapalloc.c                      0x00000000   Number         0  free.o ABSOLUTE
    ../clib/heapalloc.c                      0x00000000   Number         0  malloc.o ABSOLUTE
    ../clib/heapalloc.c                      0x00000000   Number         0  maybetermalloc2.o ABSOLUTE
    ../clib/heapaux.c                        0x00000000   Number         0  heapauxi.o ABSOLUTE
    ../clib/heapaux.c                        0x00000000   Number         0  heapauxa.o ABSOLUTE
    ../clib/libinit.s                        0x00000000   Number         0  libshutdown2.o ABSOLUTE
    ../clib/libinit.s                        0x00000000   Number         0  libinit.o ABSOLUTE
    ../clib/libinit.s                        0x00000000   Number         0  libinit2.o ABSOLUTE
    ../clib/libinit.s                        0x00000000   Number         0  libshutdown.o ABSOLUTE
    ../clib/memcpset.s                       0x00000000   Number         0  rt_memcpy_w.o ABSOLUTE
    ../clib/misc.s                           0x00000000   Number         0  printf_stubs.o ABSOLUTE
    ../clib/printf.c                         0x00000000   Number         0  _printf_char_common.o ABSOLUTE
    ../clib/printf.c                         0x00000000   Number         0  _printf_intcommon.o ABSOLUTE
    ../clib/printf.c                         0x00000000   Number         0  __2sprintf.o ABSOLUTE
    ../clib/printf.c                         0x00000000   Number         0  noretval__2sprintf.o ABSOLUTE
    ../clib/printf.c                         0x00000000   Number         0  __printf.o ABSOLUTE
    ../clib/printf.c                         0x00000000   Number         0  _printf_dec.o ABSOLUTE
    ../clib/printf.c                         0x00000000   Number         0  __printf_flags.o ABSOLUTE
    ../clib/printf.c                         0x00000000   Number         0  __printf_ss.o ABSOLUTE
    ../clib/printf.c                         0x00000000   Number         0  __printf_flags_ss.o ABSOLUTE
    ../clib/printf.c                         0x00000000   Number         0  __printf_wp.o ABSOLUTE
    ../clib/printf.c                         0x00000000   Number         0  __printf_flags_wp.o ABSOLUTE
    ../clib/printf.c                         0x00000000   Number         0  __printf_ss_wp.o ABSOLUTE
    ../clib/printf.c                         0x00000000   Number         0  _sputc.o ABSOLUTE
    ../clib/printf.c                         0x00000000   Number         0  __printf_flags_ss_wp.o ABSOLUTE
    ../clib/printf.c                         0x00000000   Number         0  __printf_nopercent.o ABSOLUTE
    ../clib/printf_percent.s                 0x00000000   Number         0  _printf_u.o ABSOLUTE
    ../clib/printf_percent.s                 0x00000000   Number         0  _printf_percent.o ABSOLUTE
    ../clib/printf_percent.s                 0x00000000   Number         0  _printf_percent_end.o ABSOLUTE
    ../clib/signal.c                         0x00000000   Number         0  defsig_rtred_inner.o ABSOLUTE
    ../clib/signal.c                         0x00000000   Number         0  defsig_rtmem_inner.o ABSOLUTE
    ../clib/signal.c                         0x00000000   Number         0  defsig_exit.o ABSOLUTE
    ../clib/signal.c                         0x00000000   Number         0  defsig_stak_inner.o ABSOLUTE
    ../clib/signal.c                         0x00000000   Number         0  defsig_cppl_inner.o ABSOLUTE
    ../clib/signal.c                         0x00000000   Number         0  defsig_segv_inner.o ABSOLUTE
    ../clib/signal.c                         0x00000000   Number         0  defsig_other.o ABSOLUTE
    ../clib/signal.c                         0x00000000   Number         0  defsig_pvfn_inner.o ABSOLUTE
    ../clib/signal.c                         0x00000000   Number         0  __raise.o ABSOLUTE
    ../clib/signal.c                         0x00000000   Number         0  defsig_general.o ABSOLUTE
    ../clib/signal.c                         0x00000000   Number         0  defsig_abrt_inner.o ABSOLUTE
    ../clib/signal.c                         0x00000000   Number         0  defsig_rtmem_formal.o ABSOLUTE
    ../clib/signal.c                         0x00000000   Number         0  defsig_rtmem_outer.o ABSOLUTE
    ../clib/signal.c                         0x00000000   Number         0  defsig_fpe_inner.o ABSOLUTE
    ../clib/signal.s                         0x00000000   Number         0  defsig.o ABSOLUTE
    ../clib/stdlib.c                         0x00000000   Number         0  exit.o ABSOLUTE
    ../clib/string.c                         0x00000000   Number         0  strcpy.o ABSOLUTE
    ../clib/string.c                         0x00000000   Number         0  strlen.o ABSOLUTE
    ../fplib/fpinit.s                        0x00000000   Number         0  fpinit.o ABSOLUTE
    C:\Keil_v5\ARM\PACK\Keil\STM32F1xx_DFP\2.0.0\Device\StdPeriph_Driver\src\misc.c 0x00000000   Number         0  misc.o ABSOLUTE
    C:\Keil_v5\ARM\PACK\Keil\STM32F1xx_DFP\2.0.0\Device\StdPeriph_Driver\src\stm32f10x_gpio.c 0x00000000   Number         0  stm32f10x_gpio.o ABSOLUTE
    C:\Keil_v5\ARM\PACK\Keil\STM32F1xx_DFP\2.0.0\Device\StdPeriph_Driver\src\stm32f10x_rcc.c 0x00000000   Number         0  stm32f10x_rcc.o ABSOLUTE
    C:\Keil_v5\ARM\PACK\Keil\STM32F1xx_DFP\2.0.0\Device\StdPeriph_Driver\src\stm32f10x_usart.c 0x00000000   Number         0  stm32f10x_usart.o ABSOLUTE
    C:\Keil_v5\ARM\PACK\Keil\STM32F1xx_DFP\2.0.0\RTE_Driver\GPIO_STM32F10x.c 0x00000000   Number         0  gpio_stm32f10x.o ABSOLUTE
    C:\\Keil_v5\\ARM\\PACK\\Keil\\STM32F1xx_DFP\\2.0.0\\Device\\StdPeriph_Driver\\src\\misc.c 0x00000000   Number         0  misc.o ABSOLUTE
    C:\\Keil_v5\\ARM\\PACK\\Keil\\STM32F1xx_DFP\\2.0.0\\Device\\StdPeriph_Driver\\src\\stm32f10x_gpio.c 0x00000000   Number         0  stm32f10x_gpio.o ABSOLUTE
    C:\\Keil_v5\\ARM\\PACK\\Keil\\STM32F1xx_DFP\\2.0.0\\Device\\StdPeriph_Driver\\src\\stm32f10x_rcc.c 0x00000000   Number         0  stm32f10x_rcc.o ABSOLUTE
    C:\\Keil_v5\\ARM\\PACK\\Keil\\STM32F1xx_DFP\\2.0.0\\Device\\StdPeriph_Driver\\src\\stm32f10x_usart.c 0x00000000   Number         0  stm32f10x_usart.o ABSOLUTE
    C:\\Keil_v5\\ARM\\PACK\\Keil\\STM32F1xx_DFP\\2.0.0\\RTE_Driver\\GPIO_STM32F10x.c 0x00000000   Number         0  gpio_stm32f10x.o ABSOLUTE
    RTE\Device\STM32F103C8\startup_stm32f10x_md.s 0x00000000   Number         0  startup_stm32f10x_md.o ABSOLUTE
    RTE\Device\STM32F103C8\system_stm32f10x.c 0x00000000   Number         0  system_stm32f10x.o ABSOLUTE
    RTE\\Device\\STM32F103C8\\system_stm32f10x.c 0x00000000   Number         0  system_stm32f10x.o ABSOLUTE
    dc.s                                     0x00000000   Number         0  dc.o ABSOLUTE
    main.c                                   0x00000000   Number         0  main.o ABSOLUTE
    main.c                                   0x00000000   Number         0  main.o ABSOLUTE
    RESET                                    0x08000000   Section      236  startup_stm32f10x_md.o(RESET)
    !!!main                                  0x080000ec   Section        8  __main.o(!!!main)
    !!!scatter                               0x080000f4   Section       52  __scatter.o(!!!scatter)
    !!handler_copy                           0x08000128   Section       26  __scatter_copy.o(!!handler_copy)
    !!handler_zi                             0x08000144   Section       28  __scatter_zi.o(!!handler_zi)
    .ARM.Collect$$libinit$$00000000          0x08000160   Section        2  libinit.o(.ARM.Collect$$libinit$$00000000)
    .ARM.Collect$$libinit$$00000002          0x08000162   Section        0  libinit2.o(.ARM.Collect$$libinit$$00000002)
    .ARM.Collect$$libinit$$00000004          0x08000162   Section        0  libinit2.o(.ARM.Collect$$libinit$$00000004)
    .ARM.Collect$$libinit$$00000005          0x08000162   Section        8  libinit2.o(.ARM.Collect$$libinit$$00000005)
    .ARM.Collect$$libinit$$0000000A          0x0800016a   Section        0  libinit2.o(.ARM.Collect$$libinit$$0000000A)
    .ARM.Collect$$libinit$$0000000C          0x0800016a   Section        0  libinit2.o(.ARM.Collect$$libinit$$0000000C)
    .ARM.Collect$$libinit$$0000000E          0x0800016a   Section        0  libinit2.o(.ARM.Collect$$libinit$$0000000E)
    .ARM.Collect$$libinit$$00000011          0x0800016a   Section        0  libinit2.o(.ARM.Collect$$libinit$$00000011)
    .ARM.Collect$$libinit$$00000013          0x0800016a   Section        0  libinit2.o(.ARM.Collect$$libinit$$00000013)
    .ARM.Collect$$libinit$$00000015          0x0800016a   Section        0  libinit2.o(.ARM.Collect$$libinit$$00000015)
    .ARM.Collect$$libinit$$00000017          0x0800016a   Section        0  libinit2.o(.ARM.Collect$$libinit$$00000017)
    .ARM.Collect$$libinit$$00000019          0x0800016a   Section        0  libinit2.o(.ARM.Collect$$libinit$$00000019)
    .ARM.Collect$$libinit$$0000001B          0x0800016a   Section        0  libinit2.o(.ARM.Collect$$libinit$$0000001B)
    .ARM.Collect$$libinit$$0000001D          0x0800016a   Section        0  libinit2.o(.ARM.Collect$$libinit$$0000001D)
    .ARM.Collect$$libinit$$0000001F          0x0800016a   Section        0  libinit2.o(.ARM.Collect$$libinit$$0000001F)
    .ARM.Collect$$libinit$$00000021          0x0800016a   Section        0  libinit2.o(.ARM.Collect$$libinit$$00000021)
    .ARM.Collect$$libinit$$00000023          0x0800016a   Section        0  libinit2.o(.ARM.Collect$$libinit$$00000023)
    .ARM.Collect$$libinit$$00000025          0x0800016a   Section        0  libinit2.o(.ARM.Collect$$libinit$$00000025)
    .ARM.Collect$$libinit$$0000002C          0x0800016a   Section        0  libinit2.o(.ARM.Collect$$libinit$$0000002C)
    .ARM.Collect$$libinit$$0000002E          0x0800016a   Section        0  libinit2.o(.ARM.Collect$$libinit$$0000002E)
    .ARM.Collect$$libinit$$00000030          0x0800016a   Section        0  libinit2.o(.ARM.Collect$$libinit$$00000030)
    .ARM.Collect$$libinit$$00000032          0x0800016a   Section        0  libinit2.o(.ARM.Collect$$libinit$$00000032)
    .ARM.Collect$$libinit$$00000033          0x0800016a   Section        2  libinit2.o(.ARM.Collect$$libinit$$00000033)
    .ARM.Collect$$libshutdown$$00000000      0x0800016c   Section        2  libshutdown.o(.ARM.Collect$$libshutdown$$00000000)
    .ARM.Collect$$libshutdown$$00000002      0x0800016e   Section        0  libshutdown2.o(.ARM.Collect$$libshutdown$$00000002)
    .ARM.Collect$$libshutdown$$00000004      0x0800016e   Section        0  libshutdown2.o(.ARM.Collect$$libshutdown$$00000004)
    .ARM.Collect$$libshutdown$$00000007      0x0800016e   Section        0  libshutdown2.o(.ARM.Collect$$libshutdown$$00000007)
    .ARM.Collect$$libshutdown$$0000000A      0x0800016e   Section        0  libshutdown2.o(.ARM.Collect$$libshutdown$$0000000A)
    .ARM.Collect$$libshutdown$$0000000C      0x0800016e   Section        0  libshutdown2.o(.ARM.Collect$$libshutdown$$0000000C)
    .ARM.Collect$$libshutdown$$0000000F      0x0800016e   Section        0  libshutdown2.o(.ARM.Collect$$libshutdown$$0000000F)
    .ARM.Collect$$libshutdown$$00000010      0x0800016e   Section        2  libshutdown2.o(.ARM.Collect$$libshutdown$$00000010)
    .ARM.Collect$$rtentry$$00000000          0x08000170   Section        0  __rtentry.o(.ARM.Collect$$rtentry$$00000000)
    .ARM.Collect$$rtentry$$00000002          0x08000170   Section        0  __rtentry2.o(.ARM.Collect$$rtentry$$00000002)
    .ARM.Collect$$rtentry$$00000004          0x08000170   Section        6  __rtentry4.o(.ARM.Collect$$rtentry$$00000004)
    .ARM.Collect$$rtentry$$00000009          0x08000176   Section        0  __rtentry2.o(.ARM.Collect$$rtentry$$00000009)
    .ARM.Collect$$rtentry$$0000000A          0x08000176   Section        4  __rtentry2.o(.ARM.Collect$$rtentry$$0000000A)
    .ARM.Collect$$rtentry$$0000000C          0x0800017a   Section        0  __rtentry2.o(.ARM.Collect$$rtentry$$0000000C)
    .ARM.Collect$$rtentry$$0000000D          0x0800017a   Section        8  __rtentry2.o(.ARM.Collect$$rtentry$$0000000D)
    .ARM.Collect$$rtexit$$00000000           0x08000182   Section        2  rtexit.o(.ARM.Collect$$rtexit$$00000000)
    .ARM.Collect$$rtexit$$00000002           0x08000184   Section        0  rtexit2.o(.ARM.Collect$$rtexit$$00000002)
    .ARM.Collect$$rtexit$$00000003           0x08000184   Section        4  rtexit2.o(.ARM.Collect$$rtexit$$00000003)
    .ARM.Collect$$rtexit$$00000004           0x08000188   Section        6  rtexit2.o(.ARM.Collect$$rtexit$$00000004)
    .emb_text                                0x08000190   Section        0  maybetermalloc1.o(.emb_text)
    .text                                    0x08000190   Section       64  startup_stm32f10x_md.o(.text)
    .text                                    0x080001d0   Section        0  h1_alloc.o(.text)
    .text                                    0x0800022e   Section        0  h1_free.o(.text)
    .text                                    0x0800027c   Section        0  strcpy.o(.text)
    .text                                    0x080002c4   Section        0  strlen.o(.text)
    .text                                    0x08000302   Section        0  heapauxi.o(.text)
    .text                                    0x08000308   Section        8  rt_heap_descriptor_intlibspace.o(.text)
    .text                                    0x08000310   Section        0  hguard.o(.text)
    .text                                    0x08000314   Section        0  init_alloc.o(.text)
    .text                                    0x0800039e   Section        0  h1_init.o(.text)
    .text                                    0x080003ac   Section        8  libspace.o(.text)
    .text                                    0x080003b4   Section        0  h1_extend.o(.text)
    .text                                    0x080003e8   Section        0  defsig_rtmem_outer.o(.text)
    .text                                    0x080003f6   Section        2  use_no_semi.o(.text)
    .text                                    0x080003f8   Section        0  indicate_semi.o(.text)
    .text                                    0x080003f8   Section       74  sys_stackheap_outer.o(.text)
    .text                                    0x08000442   Section        0  exit.o(.text)
    .text                                    0x08000454   Section        0  defsig_exit.o(.text)
    .text                                    0x08000460   Section        0  defsig_rtmem_inner.o(.text)
    .text                                    0x080004b0   Section        0  sys_exit.o(.text)
    .text                                    0x080004bc   Section        0  defsig_general.o(.text)
    .text                                    0x080004ee   Section        0  sys_wrch.o(.text)
    i.GPIO_Init                              0x080004fc   Section        0  stm32f10x_gpio.o(i.GPIO_Init)
    i.NVIC_EnableIRQ                         0x08000612   Section        0  main.o(i.NVIC_EnableIRQ)
    NVIC_EnableIRQ                           0x08000613   Thumb Code    22  main.o(i.NVIC_EnableIRQ)
    i.RCC_AHBPeriphClockCmd                  0x08000628   Section        0  stm32f10x_rcc.o(i.RCC_AHBPeriphClockCmd)
    i.RCC_APB1PeriphClockCmd                 0x08000648   Section        0  stm32f10x_rcc.o(i.RCC_APB1PeriphClockCmd)
    i.RCC_APB2PeriphClockCmd                 0x08000668   Section        0  stm32f10x_rcc.o(i.RCC_APB2PeriphClockCmd)
    i.RCC_GetClocksFreq                      0x08000688   Section        0  stm32f10x_rcc.o(i.RCC_GetClocksFreq)
    i.RCC_GetFlagStatus                      0x0800075c   Section        0  stm32f10x_rcc.o(i.RCC_GetFlagStatus)
    i.RCC_HCLKConfig                         0x08000798   Section        0  stm32f10x_rcc.o(i.RCC_HCLKConfig)
    i.RCC_HSEConfig                          0x080007b0   Section        0  stm32f10x_rcc.o(i.RCC_HSEConfig)
    i.RCC_PCLK1Config                        0x080007fc   Section        0  stm32f10x_rcc.o(i.RCC_PCLK1Config)
    i.RCC_PCLK2Config                        0x08000814   Section        0  stm32f10x_rcc.o(i.RCC_PCLK2Config)
    i.RCC_PLLCmd                             0x0800082c   Section        0  stm32f10x_rcc.o(i.RCC_PLLCmd)
    i.RCC_PLLConfig                          0x08000838   Section        0  stm32f10x_rcc.o(i.RCC_PLLConfig)
    i.RCC_SYSCLKConfig                       0x08000854   Section        0  stm32f10x_rcc.o(i.RCC_SYSCLKConfig)
    i.SetSysClock                            0x0800086c   Section        0  system_stm32f10x.o(i.SetSysClock)
    SetSysClock                              0x0800086d   Thumb Code     8  system_stm32f10x.o(i.SetSysClock)
    i.SetSysClockTo72                        0x08000874   Section        0  system_stm32f10x.o(i.SetSysClockTo72)
    SetSysClockTo72                          0x08000875   Thumb Code   214  system_stm32f10x.o(i.SetSysClockTo72)
    i.SysTick_Config                         0x08000954   Section        0  main.o(i.SysTick_Config)
    SysTick_Config                           0x08000955   Thumb Code    74  main.o(i.SysTick_Config)
    i.SysTick_Handler                        0x080009a8   Section        0  main.o(i.SysTick_Handler)
    i.SystemInit                             0x080009c8   Section        0  system_stm32f10x.o(i.SystemInit)
    i.USART1_IRQHandler                      0x08000a28   Section        0  main.o(i.USART1_IRQHandler)
    i.USART2_IRQHandler                      0x08000adc   Section        0  main.o(i.USART2_IRQHandler)
    i.USART_ClearITPendingBit                0x08000afc   Section        0  stm32f10x_usart.o(i.USART_ClearITPendingBit)
    i.USART_Cmd                              0x08000b1a   Section        0  stm32f10x_usart.o(i.USART_Cmd)
    i.USART_GetFlagStatus                    0x08000b32   Section        0  stm32f10x_usart.o(i.USART_GetFlagStatus)
    i.USART_GetITStatus                      0x08000b4c   Section        0  stm32f10x_usart.o(i.USART_GetITStatus)
    i.USART_ITConfig                         0x08000ba0   Section        0  stm32f10x_usart.o(i.USART_ITConfig)
    i.USART_Init                             0x08000bec   Section        0  stm32f10x_usart.o(i.USART_Init)
    i.USART_ReceiveData                      0x08000cc4   Section        0  stm32f10x_usart.o(i.USART_ReceiveData)
    i.USART_SendData                         0x08000cce   Section        0  stm32f10x_usart.o(i.USART_SendData)
    i.initApp                                0x08000cd8   Section        0  main.o(i.initApp)
    i.initSystem                             0x08000d04   Section        0  main.o(i.initSystem)
    i.initUSART1                             0x08000d50   Section        0  main.o(i.initUSART1)
    i.initUSART2                             0x08000de4   Section        0  main.o(i.initUSART2)
    i.main                                   0x08000e7c   Section        0  main.o(i.main)
    i.usartGetString                         0x08000ebc   Section        0  main.o(i.usartGetString)
    i.usartSendChar                          0x08000f54   Section        0  main.o(i.usartSendChar)
    i.usartSendString                        0x08000f72   Section        0  main.o(i.usartSendString)
    .data                                    0x20000000   Section        4  main.o(.data)
    TimingDelay                              0x20000000   Data           4  main.o(.data)
    .data                                    0x20000004   Section       20  stm32f10x_rcc.o(.data)
    APBAHBPrescTable                         0x20000004   Data          16  stm32f10x_rcc.o(.data)
    ADCPrescTable                            0x20000014   Data           4  stm32f10x_rcc.o(.data)
    .data                                    0x20000018   Section       20  system_stm32f10x.o(.data)
    .bss                                     0x2000002c   Section      536  main.o(.bss)
    .bss                                     0x20000244   Section       96  libspace.o(.bss)
    HEAP                                     0x200002a8   Section      512  startup_stm32f10x_md.o(HEAP)
    Heap_Mem                                 0x200002a8   Data         512  startup_stm32f10x_md.o(HEAP)
    STACK                                    0x200004a8   Section     1024  startup_stm32f10x_md.o(STACK)
    Stack_Mem                                0x200004a8   Data        1024  startup_stm32f10x_md.o(STACK)
    __initial_sp                             0x200008a8   Data           0  startup_stm32f10x_md.o(STACK)

    Global Symbols

    Symbol Name                              Value     Ov Type        Size  Object(Section)

    BuildAttributes$$THM_ISAv4$P$D$K$B$S$PE$A:L22UL41UL21$X:L11$S22US41US21$IEEE1$IW$USESV6$~STKCKD$USESV7$~SHL$OTIME$ROPI$EBA8$UX$STANDARDLIB$REQ8$PRES8$EABIv2 0x00000000   Number         0  anon$$obj.o ABSOLUTE
    __ARM_use_no_argv                        0x00000000   Number         0  main.o ABSOLUTE
    _printf_flags                            0x00000000   Number         0  printf_stubs.o ABSOLUTE
    _printf_return_value                     0x00000000   Number         0  printf_stubs.o ABSOLUTE
    _printf_sizespec                         0x00000000   Number         0  printf_stubs.o ABSOLUTE
    _printf_widthprec                        0x00000000   Number         0  printf_stubs.o ABSOLUTE
    __ARM_exceptions_init                     - Undefined Weak Reference
    __alloca_initialize                       - Undefined Weak Reference
    __arm_preinit_                            - Undefined Weak Reference
    __cpp_initialize__aeabi_                  - Undefined Weak Reference
    __cxa_finalize                            - Undefined Weak Reference
    __rt_locale                               - Undefined Weak Reference
    __sigvec_lookup                           - Undefined Weak Reference
    __user_heap_extent                        - Undefined Weak Reference
    _atexit_init                              - Undefined Weak Reference
    _call_atexit_fns                          - Undefined Weak Reference
    _clock_init                               - Undefined Weak Reference
    _fp_trap_init                             - Undefined Weak Reference
    _fp_trap_shutdown                         - Undefined Weak Reference
    _get_lc_collate                           - Undefined Weak Reference
    _get_lc_ctype                             - Undefined Weak Reference
    _get_lc_monetary                          - Undefined Weak Reference
    _get_lc_numeric                           - Undefined Weak Reference
    _get_lc_time                              - Undefined Weak Reference
    _getenv_init                              - Undefined Weak Reference
    _handle_redirection                       - Undefined Weak Reference
    _initio                                   - Undefined Weak Reference
    _mutex_acquire                            - Undefined Weak Reference
    _mutex_free                               - Undefined Weak Reference
    _mutex_release                            - Undefined Weak Reference
    _printf_post_padding                      - Undefined Weak Reference
    _printf_pre_padding                       - Undefined Weak Reference
    _printf_truncate_signed                   - Undefined Weak Reference
    _printf_truncate_unsigned                 - Undefined Weak Reference
    _rand_init                                - Undefined Weak Reference
    _signal_finish                            - Undefined Weak Reference
    _signal_init                              - Undefined Weak Reference
    _terminateio                              - Undefined Weak Reference
    __Vectors_Size                           0x000000ec   Number         0  startup_stm32f10x_md.o ABSOLUTE
    __Vectors                                0x08000000   Data           4  startup_stm32f10x_md.o(RESET)
    __Vectors_End                            0x080000ec   Data           0  startup_stm32f10x_md.o(RESET)
    __main                                   0x080000ed   Thumb Code     8  __main.o(!!!main)
    __scatterload                            0x080000f5   Thumb Code     0  __scatter.o(!!!scatter)
    __scatterload_rt2                        0x080000f5   Thumb Code    44  __scatter.o(!!!scatter)
    __scatterload_rt2_thumb_only             0x080000f5   Thumb Code     0  __scatter.o(!!!scatter)
    __scatterload_null                       0x08000103   Thumb Code     0  __scatter.o(!!!scatter)
    __scatterload_copy                       0x08000129   Thumb Code    26  __scatter_copy.o(!!handler_copy)
    __scatterload_zeroinit                   0x08000145   Thumb Code    28  __scatter_zi.o(!!handler_zi)
    __rt_lib_init                            0x08000161   Thumb Code     0  libinit.o(.ARM.Collect$$libinit$$00000000)
    __rt_lib_init_fp_1                       0x08000163   Thumb Code     0  libinit2.o(.ARM.Collect$$libinit$$00000002)
    __rt_lib_init_heap_2                     0x08000163   Thumb Code     0  libinit2.o(.ARM.Collect$$libinit$$00000005)
    __rt_lib_init_preinit_1                  0x08000163   Thumb Code     0  libinit2.o(.ARM.Collect$$libinit$$00000004)
    __rt_lib_init_alloca_1                   0x0800016b   Thumb Code     0  libinit2.o(.ARM.Collect$$libinit$$0000002E)
    __rt_lib_init_argv_1                     0x0800016b   Thumb Code     0  libinit2.o(.ARM.Collect$$libinit$$0000002C)
    __rt_lib_init_atexit_1                   0x0800016b   Thumb Code     0  libinit2.o(.ARM.Collect$$libinit$$0000001B)
    __rt_lib_init_clock_1                    0x0800016b   Thumb Code     0  libinit2.o(.ARM.Collect$$libinit$$00000021)
    __rt_lib_init_cpp_1                      0x0800016b   Thumb Code     0  libinit2.o(.ARM.Collect$$libinit$$00000032)
    __rt_lib_init_exceptions_1               0x0800016b   Thumb Code     0  libinit2.o(.ARM.Collect$$libinit$$00000030)
    __rt_lib_init_fp_trap_1                  0x0800016b   Thumb Code     0  libinit2.o(.ARM.Collect$$libinit$$0000001F)
    __rt_lib_init_getenv_1                   0x0800016b   Thumb Code     0  libinit2.o(.ARM.Collect$$libinit$$00000023)
    __rt_lib_init_heap_1                     0x0800016b   Thumb Code     0  libinit2.o(.ARM.Collect$$libinit$$0000000A)
    __rt_lib_init_lc_collate_1               0x0800016b   Thumb Code     0  libinit2.o(.ARM.Collect$$libinit$$00000011)
    __rt_lib_init_lc_ctype_1                 0x0800016b   Thumb Code     0  libinit2.o(.ARM.Collect$$libinit$$00000013)
    __rt_lib_init_lc_monetary_1              0x0800016b   Thumb Code     0  libinit2.o(.ARM.Collect$$libinit$$00000015)
    __rt_lib_init_lc_numeric_1               0x0800016b   Thumb Code     0  libinit2.o(.ARM.Collect$$libinit$$00000017)
    __rt_lib_init_lc_time_1                  0x0800016b   Thumb Code     0  libinit2.o(.ARM.Collect$$libinit$$00000019)
    __rt_lib_init_rand_1                     0x0800016b   Thumb Code     0  libinit2.o(.ARM.Collect$$libinit$$0000000E)
    __rt_lib_init_return                     0x0800016b   Thumb Code     0  libinit2.o(.ARM.Collect$$libinit$$00000033)
    __rt_lib_init_signal_1                   0x0800016b   Thumb Code     0  libinit2.o(.ARM.Collect$$libinit$$0000001D)
    __rt_lib_init_stdio_1                    0x0800016b   Thumb Code     0  libinit2.o(.ARM.Collect$$libinit$$00000025)
    __rt_lib_init_user_alloc_1               0x0800016b   Thumb Code     0  libinit2.o(.ARM.Collect$$libinit$$0000000C)
    __rt_lib_shutdown                        0x0800016d   Thumb Code     0  libshutdown.o(.ARM.Collect$$libshutdown$$00000000)
    __rt_lib_shutdown_cpp_1                  0x0800016f   Thumb Code     0  libshutdown2.o(.ARM.Collect$$libshutdown$$00000002)
    __rt_lib_shutdown_fp_trap_1              0x0800016f   Thumb Code     0  libshutdown2.o(.ARM.Collect$$libshutdown$$00000007)
    __rt_lib_shutdown_heap_1                 0x0800016f   Thumb Code     0  libshutdown2.o(.ARM.Collect$$libshutdown$$0000000F)
    __rt_lib_shutdown_return                 0x0800016f   Thumb Code     0  libshutdown2.o(.ARM.Collect$$libshutdown$$00000010)
    __rt_lib_shutdown_signal_1               0x0800016f   Thumb Code     0  libshutdown2.o(.ARM.Collect$$libshutdown$$0000000A)
    __rt_lib_shutdown_stdio_1                0x0800016f   Thumb Code     0  libshutdown2.o(.ARM.Collect$$libshutdown$$00000004)
    __rt_lib_shutdown_user_alloc_1           0x0800016f   Thumb Code     0  libshutdown2.o(.ARM.Collect$$libshutdown$$0000000C)
    __rt_entry                               0x08000171   Thumb Code     0  __rtentry.o(.ARM.Collect$$rtentry$$00000000)
    __rt_entry_presh_1                       0x08000171   Thumb Code     0  __rtentry2.o(.ARM.Collect$$rtentry$$00000002)
    __rt_entry_sh                            0x08000171   Thumb Code     0  __rtentry4.o(.ARM.Collect$$rtentry$$00000004)
    __rt_entry_li                            0x08000177   Thumb Code     0  __rtentry2.o(.ARM.Collect$$rtentry$$0000000A)
    __rt_entry_postsh_1                      0x08000177   Thumb Code     0  __rtentry2.o(.ARM.Collect$$rtentry$$00000009)
    __rt_entry_main                          0x0800017b   Thumb Code     0  __rtentry2.o(.ARM.Collect$$rtentry$$0000000D)
    __rt_entry_postli_1                      0x0800017b   Thumb Code     0  __rtentry2.o(.ARM.Collect$$rtentry$$0000000C)
    __rt_exit                                0x08000183   Thumb Code     0  rtexit.o(.ARM.Collect$$rtexit$$00000000)
    __rt_exit_ls                             0x08000185   Thumb Code     0  rtexit2.o(.ARM.Collect$$rtexit$$00000003)
    __rt_exit_prels_1                        0x08000185   Thumb Code     0  rtexit2.o(.ARM.Collect$$rtexit$$00000002)
    __rt_exit_exit                           0x08000189   Thumb Code     0  rtexit2.o(.ARM.Collect$$rtexit$$00000004)
    Reset_Handler                            0x08000191   Thumb Code     8  startup_stm32f10x_md.o(.text)
    _maybe_terminate_alloc                   0x08000191   Thumb Code     0  maybetermalloc1.o(.emb_text)
    NMI_Handler                              0x08000199   Thumb Code     2  startup_stm32f10x_md.o(.text)
    HardFault_Handler                        0x0800019b   Thumb Code     2  startup_stm32f10x_md.o(.text)
    MemManage_Handler                        0x0800019d   Thumb Code     2  startup_stm32f10x_md.o(.text)
    BusFault_Handler                         0x0800019f   Thumb Code     2  startup_stm32f10x_md.o(.text)
    UsageFault_Handler                       0x080001a1   Thumb Code     2  startup_stm32f10x_md.o(.text)
    SVC_Handler                              0x080001a3   Thumb Code     2  startup_stm32f10x_md.o(.text)
    DebugMon_Handler                         0x080001a5   Thumb Code     2  startup_stm32f10x_md.o(.text)
    PendSV_Handler                           0x080001a7   Thumb Code     2  startup_stm32f10x_md.o(.text)
    ADC1_2_IRQHandler                        0x080001ab   Thumb Code     0  startup_stm32f10x_md.o(.text)
    CAN1_RX1_IRQHandler                      0x080001ab   Thumb Code     0  startup_stm32f10x_md.o(.text)
    CAN1_SCE_IRQHandler                      0x080001ab   Thumb Code     0  startup_stm32f10x_md.o(.text)
    DMA1_Channel1_IRQHandler                 0x080001ab   Thumb Code     0  startup_stm32f10x_md.o(.text)
    DMA1_Channel2_IRQHandler                 0x080001ab   Thumb Code     0  startup_stm32f10x_md.o(.text)
    DMA1_Channel3_IRQHandler                 0x080001ab   Thumb Code     0  startup_stm32f10x_md.o(.text)
    DMA1_Channel4_IRQHandler                 0x080001ab   Thumb Code     0  startup_stm32f10x_md.o(.text)
    DMA1_Channel5_IRQHandler                 0x080001ab   Thumb Code     0  startup_stm32f10x_md.o(.text)
    DMA1_Channel6_IRQHandler                 0x080001ab   Thumb Code     0  startup_stm32f10x_md.o(.text)
    DMA1_Channel7_IRQHandler                 0x080001ab   Thumb Code     0  startup_stm32f10x_md.o(.text)
    EXTI0_IRQHandler                         0x080001ab   Thumb Code     0  startup_stm32f10x_md.o(.text)
    EXTI15_10_IRQHandler                     0x080001ab   Thumb Code     0  startup_stm32f10x_md.o(.text)
    EXTI1_IRQHandler                         0x080001ab   Thumb Code     0  startup_stm32f10x_md.o(.text)
    EXTI2_IRQHandler                         0x080001ab   Thumb Code     0  startup_stm32f10x_md.o(.text)
    EXTI3_IRQHandler                         0x080001ab   Thumb Code     0  startup_stm32f10x_md.o(.text)
    EXTI4_IRQHandler                         0x080001ab   Thumb Code     0  startup_stm32f10x_md.o(.text)
    EXTI9_5_IRQHandler                       0x080001ab   Thumb Code     0  startup_stm32f10x_md.o(.text)
    FLASH_IRQHandler                         0x080001ab   Thumb Code     0  startup_stm32f10x_md.o(.text)
    I2C1_ER_IRQHandler                       0x080001ab   Thumb Code     0  startup_stm32f10x_md.o(.text)
    I2C1_EV_IRQHandler                       0x080001ab   Thumb Code     0  startup_stm32f10x_md.o(.text)
    I2C2_ER_IRQHandler                       0x080001ab   Thumb Code     0  startup_stm32f10x_md.o(.text)
    I2C2_EV_IRQHandler                       0x080001ab   Thumb Code     0  startup_stm32f10x_md.o(.text)
    PVD_IRQHandler                           0x080001ab   Thumb Code     0  startup_stm32f10x_md.o(.text)
    RCC_IRQHandler                           0x080001ab   Thumb Code     0  startup_stm32f10x_md.o(.text)
    RTCAlarm_IRQHandler                      0x080001ab   Thumb Code     0  startup_stm32f10x_md.o(.text)
    RTC_IRQHandler                           0x080001ab   Thumb Code     0  startup_stm32f10x_md.o(.text)
    SPI1_IRQHandler                          0x080001ab   Thumb Code     0  startup_stm32f10x_md.o(.text)
    SPI2_IRQHandler                          0x080001ab   Thumb Code     0  startup_stm32f10x_md.o(.text)
    TAMPER_IRQHandler                        0x080001ab   Thumb Code     0  startup_stm32f10x_md.o(.text)
    TIM1_BRK_IRQHandler                      0x080001ab   Thumb Code     0  startup_stm32f10x_md.o(.text)
    TIM1_CC_IRQHandler                       0x080001ab   Thumb Code     0  startup_stm32f10x_md.o(.text)
    TIM1_TRG_COM_IRQHandler                  0x080001ab   Thumb Code     0  startup_stm32f10x_md.o(.text)
    TIM1_UP_IRQHandler                       0x080001ab   Thumb Code     0  startup_stm32f10x_md.o(.text)
    TIM2_IRQHandler                          0x080001ab   Thumb Code     0  startup_stm32f10x_md.o(.text)
    TIM3_IRQHandler                          0x080001ab   Thumb Code     0  startup_stm32f10x_md.o(.text)
    TIM4_IRQHandler                          0x080001ab   Thumb Code     0  startup_stm32f10x_md.o(.text)
    USART3_IRQHandler                        0x080001ab   Thumb Code     0  startup_stm32f10x_md.o(.text)
    USBWakeUp_IRQHandler                     0x080001ab   Thumb Code     0  startup_stm32f10x_md.o(.text)
    USB_HP_CAN1_TX_IRQHandler                0x080001ab   Thumb Code     0  startup_stm32f10x_md.o(.text)
    USB_LP_CAN1_RX0_IRQHandler               0x080001ab   Thumb Code     0  startup_stm32f10x_md.o(.text)
    WWDG_IRQHandler                          0x080001ab   Thumb Code     0  startup_stm32f10x_md.o(.text)
    __user_initial_stackheap                 0x080001ad   Thumb Code     0  startup_stm32f10x_md.o(.text)
    malloc                                   0x080001d1   Thumb Code    94  h1_alloc.o(.text)
    free                                     0x0800022f   Thumb Code    78  h1_free.o(.text)
    strcpy                                   0x0800027d   Thumb Code    72  strcpy.o(.text)
    strlen                                   0x080002c5   Thumb Code    62  strlen.o(.text)
    __use_two_region_memory                  0x08000303   Thumb Code     2  heapauxi.o(.text)
    __rt_heap_escrow                         0x08000305   Thumb Code     2  heapauxi.o(.text)
    __rt_heap_expand                         0x08000307   Thumb Code     2  heapauxi.o(.text)
    __rt_heap_descriptor                     0x08000309   Thumb Code     8  rt_heap_descriptor_intlibspace.o(.text)
    __use_no_heap                            0x08000311   Thumb Code     2  hguard.o(.text)
    __heap$guard                             0x08000313   Thumb Code     2  hguard.o(.text)
    _terminate_user_alloc                    0x08000315   Thumb Code     2  init_alloc.o(.text)
    _init_user_alloc                         0x08000317   Thumb Code     2  init_alloc.o(.text)
    __Heap_Full                              0x08000319   Thumb Code    34  init_alloc.o(.text)
    __Heap_Broken                            0x0800033b   Thumb Code     6  init_alloc.o(.text)
    _init_alloc                              0x08000341   Thumb Code    94  init_alloc.o(.text)
    __Heap_Initialize                        0x0800039f   Thumb Code    10  h1_init.o(.text)
    __Heap_DescSize                          0x080003a9   Thumb Code     4  h1_init.o(.text)
    __user_libspace                          0x080003ad   Thumb Code     8  libspace.o(.text)
    __user_perproc_libspace                  0x080003ad   Thumb Code     0  libspace.o(.text)
    __user_perthread_libspace                0x080003ad   Thumb Code     0  libspace.o(.text)
    __Heap_ProvideMemory                     0x080003b5   Thumb Code    52  h1_extend.o(.text)
    __rt_SIGRTMEM                            0x080003e9   Thumb Code    14  defsig_rtmem_outer.o(.text)
    __I$use$semihosting                      0x080003f7   Thumb Code     0  use_no_semi.o(.text)
    __use_no_semihosting_swi                 0x080003f7   Thumb Code     2  use_no_semi.o(.text)
    __semihosting_library_function           0x080003f9   Thumb Code     0  indicate_semi.o(.text)
    __user_setup_stackheap                   0x080003f9   Thumb Code    74  sys_stackheap_outer.o(.text)
    exit                                     0x08000443   Thumb Code    18  exit.o(.text)
    __sig_exit                               0x08000455   Thumb Code    10  defsig_exit.o(.text)
    __rt_SIGRTMEM_inner                      0x08000461   Thumb Code    22  defsig_rtmem_inner.o(.text)
    _sys_exit                                0x080004b1   Thumb Code     8  sys_exit.o(.text)
    __default_signal_display                 0x080004bd   Thumb Code    50  defsig_general.o(.text)
    _ttywrch                                 0x080004ef   Thumb Code    14  sys_wrch.o(.text)
    GPIO_Init                                0x080004fd   Thumb Code   278  stm32f10x_gpio.o(i.GPIO_Init)
    RCC_AHBPeriphClockCmd                    0x08000629   Thumb Code    26  stm32f10x_rcc.o(i.RCC_AHBPeriphClockCmd)
    RCC_APB1PeriphClockCmd                   0x08000649   Thumb Code    26  stm32f10x_rcc.o(i.RCC_APB1PeriphClockCmd)
    RCC_APB2PeriphClockCmd                   0x08000669   Thumb Code    26  stm32f10x_rcc.o(i.RCC_APB2PeriphClockCmd)
    RCC_GetClocksFreq                        0x08000689   Thumb Code   192  stm32f10x_rcc.o(i.RCC_GetClocksFreq)
    RCC_GetFlagStatus                        0x0800075d   Thumb Code    56  stm32f10x_rcc.o(i.RCC_GetFlagStatus)
    RCC_HCLKConfig                           0x08000799   Thumb Code    18  stm32f10x_rcc.o(i.RCC_HCLKConfig)
    RCC_HSEConfig                            0x080007b1   Thumb Code    70  stm32f10x_rcc.o(i.RCC_HSEConfig)
    RCC_PCLK1Config                          0x080007fd   Thumb Code    18  stm32f10x_rcc.o(i.RCC_PCLK1Config)
    RCC_PCLK2Config                          0x08000815   Thumb Code    20  stm32f10x_rcc.o(i.RCC_PCLK2Config)
    RCC_PLLCmd                               0x0800082d   Thumb Code     6  stm32f10x_rcc.o(i.RCC_PLLCmd)
    RCC_PLLConfig                            0x08000839   Thumb Code    24  stm32f10x_rcc.o(i.RCC_PLLConfig)
    RCC_SYSCLKConfig                         0x08000855   Thumb Code    18  stm32f10x_rcc.o(i.RCC_SYSCLKConfig)
    SysTick_Handler                          0x080009a9   Thumb Code    28  main.o(i.SysTick_Handler)
    SystemInit                               0x080009c9   Thumb Code    78  system_stm32f10x.o(i.SystemInit)
    USART1_IRQHandler                        0x08000a29   Thumb Code   170  main.o(i.USART1_IRQHandler)
    USART2_IRQHandler                        0x08000add   Thumb Code    28  main.o(i.USART2_IRQHandler)
    USART_ClearITPendingBit                  0x08000afd   Thumb Code    30  stm32f10x_usart.o(i.USART_ClearITPendingBit)
    USART_Cmd                                0x08000b1b   Thumb Code    24  stm32f10x_usart.o(i.USART_Cmd)
    USART_GetFlagStatus                      0x08000b33   Thumb Code    26  stm32f10x_usart.o(i.USART_GetFlagStatus)
    USART_GetITStatus                        0x08000b4d   Thumb Code    84  stm32f10x_usart.o(i.USART_GetITStatus)
    USART_ITConfig                           0x08000ba1   Thumb Code    74  stm32f10x_usart.o(i.USART_ITConfig)
    USART_Init                               0x08000bed   Thumb Code   210  stm32f10x_usart.o(i.USART_Init)
    USART_ReceiveData                        0x08000cc5   Thumb Code    10  stm32f10x_usart.o(i.USART_ReceiveData)
    USART_SendData                           0x08000ccf   Thumb Code     8  stm32f10x_usart.o(i.USART_SendData)
    initApp                                  0x08000cd9   Thumb Code    36  main.o(i.initApp)
    initSystem                               0x08000d05   Thumb Code    74  main.o(i.initSystem)
    initUSART1                               0x08000d51   Thumb Code   140  main.o(i.initUSART1)
    initUSART2                               0x08000de5   Thumb Code   142  main.o(i.initUSART2)
    main                                     0x08000e7d   Thumb Code    44  main.o(i.main)
    usartGetString                           0x08000ebd   Thumb Code   138  main.o(i.usartGetString)
    usartSendChar                            0x08000f55   Thumb Code    30  main.o(i.usartSendChar)
    usartSendString                          0x08000f73   Thumb Code    26  main.o(i.usartSendString)
    Region$$Table$$Base                      0x08000f8c   Number         0  anon$$obj.o(Region$$Table)
    Region$$Table$$Limit                     0x08000fac   Number         0  anon$$obj.o(Region$$Table)
    SystemCoreClock                          0x20000018   Data           4  system_stm32f10x.o(.data)
    AHBPrescTable                            0x2000001c   Data          16  system_stm32f10x.o(.data)
    _wifiBuff                                0x2000002c   Data         268  main.o(.bss)
    _consolBuff                              0x20000138   Data         268  main.o(.bss)
    __libspace_start                         0x20000244   Data          96  libspace.o(.bss)
    __temporary_stack_top$libspace           0x200002a4   Data           0  libspace.o(.bss)



==============================================================================

Memory Map of the image

  Image Entry point : 0x08000191

  Load Region LR_1 (Base: 0x08000000, Size: 0x00000fd8, Max: 0xffffffff, ABSOLUTE)

    Execution Region ER_RO (Base: 0x08000000, Size: 0x00000fac, Max: 0xffffffff, ABSOLUTE)

    Base Addr    Size         Type   Attr      Idx    E Section Name        Object

    0x08000000   0x000000ec   Data   RO          797    RESET               startup_stm32f10x_md.o
    0x080000ec   0x00000008   Code   RO          948  * !!!main             c_w.l(__main.o)
    0x080000f4   0x00000034   Code   RO         1160    !!!scatter          c_w.l(__scatter.o)
    0x08000128   0x0000001a   Code   RO         1162    !!handler_copy      c_w.l(__scatter_copy.o)
    0x08000142   0x00000002   PAD
    0x08000144   0x0000001c   Code   RO         1164    !!handler_zi        c_w.l(__scatter_zi.o)
    0x08000160   0x00000002   Code   RO         1099    .ARM.Collect$$libinit$$00000000  c_w.l(libinit.o)
    0x08000162   0x00000000   Code   RO          990    .ARM.Collect$$libinit$$00000002  c_w.l(libinit2.o)
    0x08000162   0x00000000   Code   RO          992    .ARM.Collect$$libinit$$00000004  c_w.l(libinit2.o)
    0x08000162   0x00000008   Code   RO          993    .ARM.Collect$$libinit$$00000005  c_w.l(libinit2.o)
    0x0800016a   0x00000000   Code   RO          995    .ARM.Collect$$libinit$$0000000A  c_w.l(libinit2.o)
    0x0800016a   0x00000000   Code   RO          997    .ARM.Collect$$libinit$$0000000C  c_w.l(libinit2.o)
    0x0800016a   0x00000000   Code   RO          999    .ARM.Collect$$libinit$$0000000E  c_w.l(libinit2.o)
    0x0800016a   0x00000000   Code   RO         1002    .ARM.Collect$$libinit$$00000011  c_w.l(libinit2.o)
    0x0800016a   0x00000000   Code   RO         1004    .ARM.Collect$$libinit$$00000013  c_w.l(libinit2.o)
    0x0800016a   0x00000000   Code   RO         1006    .ARM.Collect$$libinit$$00000015  c_w.l(libinit2.o)
    0x0800016a   0x00000000   Code   RO         1008    .ARM.Collect$$libinit$$00000017  c_w.l(libinit2.o)
    0x0800016a   0x00000000   Code   RO         1010    .ARM.Collect$$libinit$$00000019  c_w.l(libinit2.o)
    0x0800016a   0x00000000   Code   RO         1012    .ARM.Collect$$libinit$$0000001B  c_w.l(libinit2.o)
    0x0800016a   0x00000000   Code   RO         1014    .ARM.Collect$$libinit$$0000001D  c_w.l(libinit2.o)
    0x0800016a   0x00000000   Code   RO         1016    .ARM.Collect$$libinit$$0000001F  c_w.l(libinit2.o)
    0x0800016a   0x00000000   Code   RO         1018    .ARM.Collect$$libinit$$00000021  c_w.l(libinit2.o)
    0x0800016a   0x00000000   Code   RO         1020    .ARM.Collect$$libinit$$00000023  c_w.l(libinit2.o)
    0x0800016a   0x00000000   Code   RO         1022    .ARM.Collect$$libinit$$00000025  c_w.l(libinit2.o)
    0x0800016a   0x00000000   Code   RO         1026    .ARM.Collect$$libinit$$0000002C  c_w.l(libinit2.o)
    0x0800016a   0x00000000   Code   RO         1028    .ARM.Collect$$libinit$$0000002E  c_w.l(libinit2.o)
    0x0800016a   0x00000000   Code   RO         1030    .ARM.Collect$$libinit$$00000030  c_w.l(libinit2.o)
    0x0800016a   0x00000000   Code   RO         1032    .ARM.Collect$$libinit$$00000032  c_w.l(libinit2.o)
    0x0800016a   0x00000002   Code   RO         1033    .ARM.Collect$$libinit$$00000033  c_w.l(libinit2.o)
    0x0800016c   0x00000002   Code   RO         1157    .ARM.Collect$$libshutdown$$00000000  c_w.l(libshutdown.o)
    0x0800016e   0x00000000   Code   RO         1113    .ARM.Collect$$libshutdown$$00000002  c_w.l(libshutdown2.o)
    0x0800016e   0x00000000   Code   RO         1115    .ARM.Collect$$libshutdown$$00000004  c_w.l(libshutdown2.o)
    0x0800016e   0x00000000   Code   RO         1118    .ARM.Collect$$libshutdown$$00000007  c_w.l(libshutdown2.o)
    0x0800016e   0x00000000   Code   RO         1121    .ARM.Collect$$libshutdown$$0000000A  c_w.l(libshutdown2.o)
    0x0800016e   0x00000000   Code   RO         1123    .ARM.Collect$$libshutdown$$0000000C  c_w.l(libshutdown2.o)
    0x0800016e   0x00000000   Code   RO         1126    .ARM.Collect$$libshutdown$$0000000F  c_w.l(libshutdown2.o)
    0x0800016e   0x00000002   Code   RO         1127    .ARM.Collect$$libshutdown$$00000010  c_w.l(libshutdown2.o)
    0x08000170   0x00000000   Code   RO          952    .ARM.Collect$$rtentry$$00000000  c_w.l(__rtentry.o)
    0x08000170   0x00000000   Code   RO         1040    .ARM.Collect$$rtentry$$00000002  c_w.l(__rtentry2.o)
    0x08000170   0x00000006   Code   RO         1052    .ARM.Collect$$rtentry$$00000004  c_w.l(__rtentry4.o)
    0x08000176   0x00000000   Code   RO         1042    .ARM.Collect$$rtentry$$00000009  c_w.l(__rtentry2.o)
    0x08000176   0x00000004   Code   RO         1043    .ARM.Collect$$rtentry$$0000000A  c_w.l(__rtentry2.o)
    0x0800017a   0x00000000   Code   RO         1045    .ARM.Collect$$rtentry$$0000000C  c_w.l(__rtentry2.o)
    0x0800017a   0x00000008   Code   RO         1046    .ARM.Collect$$rtentry$$0000000D  c_w.l(__rtentry2.o)
    0x08000182   0x00000002   Code   RO         1102    .ARM.Collect$$rtexit$$00000000  c_w.l(rtexit.o)
    0x08000184   0x00000000   Code   RO         1131    .ARM.Collect$$rtexit$$00000002  c_w.l(rtexit2.o)
    0x08000184   0x00000004   Code   RO         1132    .ARM.Collect$$rtexit$$00000003  c_w.l(rtexit2.o)
    0x08000188   0x00000006   Code   RO         1133    .ARM.Collect$$rtexit$$00000004  c_w.l(rtexit2.o)
    0x0800018e   0x00000002   PAD
    0x08000190   0x00000000   Code   RO         1056    .emb_text           c_w.l(maybetermalloc1.o)
    0x08000190   0x00000040   Code   RO          798  * .text               startup_stm32f10x_md.o
    0x080001d0   0x0000005e   Code   RO          854    .text               c_w.l(h1_alloc.o)
    0x0800022e   0x0000004e   Code   RO          856    .text               c_w.l(h1_free.o)
    0x0800027c   0x00000048   Code   RO          942    .text               c_w.l(strcpy.o)
    0x080002c4   0x0000003e   Code   RO          944    .text               c_w.l(strlen.o)
    0x08000302   0x00000006   Code   RO          946    .text               c_w.l(heapauxi.o)
    0x08000308   0x00000008   Code   RO          956    .text               c_w.l(rt_heap_descriptor_intlibspace.o)
    0x08000310   0x00000004   Code   RO          958    .text               c_w.l(hguard.o)
    0x08000314   0x0000008a   Code   RO          960    .text               c_w.l(init_alloc.o)
    0x0800039e   0x0000000e   Code   RO          964    .text               c_w.l(h1_init.o)
    0x080003ac   0x00000008   Code   RO         1036    .text               c_w.l(libspace.o)
    0x080003b4   0x00000034   Code   RO         1058    .text               c_w.l(h1_extend.o)
    0x080003e8   0x0000000e   Code   RO         1064    .text               c_w.l(defsig_rtmem_outer.o)
    0x080003f6   0x00000002   Code   RO         1075    .text               c_w.l(use_no_semi.o)
    0x080003f8   0x00000000   Code   RO         1077    .text               c_w.l(indicate_semi.o)
    0x080003f8   0x0000004a   Code   RO         1078    .text               c_w.l(sys_stackheap_outer.o)
    0x08000442   0x00000012   Code   RO         1084    .text               c_w.l(exit.o)
    0x08000454   0x0000000a   Code   RO         1086    .text               c_w.l(defsig_exit.o)
    0x0800045e   0x00000002   PAD
    0x08000460   0x00000050   Code   RO         1088    .text               c_w.l(defsig_rtmem_inner.o)
    0x080004b0   0x0000000c   Code   RO         1100    .text               c_w.l(sys_exit.o)
    0x080004bc   0x00000032   Code   RO         1110    .text               c_w.l(defsig_general.o)
    0x080004ee   0x0000000e   Code   RO         1128    .text               c_w.l(sys_wrch.o)
    0x080004fc   0x00000116   Code   RO          226    i.GPIO_Init         stm32f10x_gpio.o
    0x08000612   0x00000016   Code   RO            4    i.NVIC_EnableIRQ    main.o
    0x08000628   0x00000020   Code   RO          347    i.RCC_AHBPeriphClockCmd  stm32f10x_rcc.o
    0x08000648   0x00000020   Code   RO          348    i.RCC_APB1PeriphClockCmd  stm32f10x_rcc.o
    0x08000668   0x00000020   Code   RO          350    i.RCC_APB2PeriphClockCmd  stm32f10x_rcc.o
    0x08000688   0x000000d4   Code   RO          358    i.RCC_GetClocksFreq  stm32f10x_rcc.o
    0x0800075c   0x0000003c   Code   RO          359    i.RCC_GetFlagStatus  stm32f10x_rcc.o
    0x08000798   0x00000018   Code   RO          362    i.RCC_HCLKConfig    stm32f10x_rcc.o
    0x080007b0   0x0000004c   Code   RO          363    i.RCC_HSEConfig     stm32f10x_rcc.o
    0x080007fc   0x00000018   Code   RO          369    i.RCC_PCLK1Config   stm32f10x_rcc.o
    0x08000814   0x00000018   Code   RO          370    i.RCC_PCLK2Config   stm32f10x_rcc.o
    0x0800082c   0x0000000c   Code   RO          371    i.RCC_PLLCmd        stm32f10x_rcc.o
    0x08000838   0x0000001c   Code   RO          372    i.RCC_PLLConfig     stm32f10x_rcc.o
    0x08000854   0x00000018   Code   RO          375    i.RCC_SYSCLKConfig  stm32f10x_rcc.o
    0x0800086c   0x00000008   Code   RO          805    i.SetSysClock       system_stm32f10x.o
    0x08000874   0x000000e0   Code   RO          806    i.SetSysClockTo72   system_stm32f10x.o
    0x08000954   0x00000054   Code   RO            5    i.SysTick_Config    main.o
    0x080009a8   0x00000020   Code   RO            6    i.SysTick_Handler   main.o
    0x080009c8   0x00000060   Code   RO          808    i.SystemInit        system_stm32f10x.o
    0x08000a28   0x000000b4   Code   RO            7    i.USART1_IRQHandler  main.o
    0x08000adc   0x00000020   Code   RO            8    i.USART2_IRQHandler  main.o
    0x08000afc   0x0000001e   Code   RO          559    i.USART_ClearITPendingBit  stm32f10x_usart.o
    0x08000b1a   0x00000018   Code   RO          562    i.USART_Cmd         stm32f10x_usart.o
    0x08000b32   0x0000001a   Code   RO          565    i.USART_GetFlagStatus  stm32f10x_usart.o
    0x08000b4c   0x00000054   Code   RO          566    i.USART_GetITStatus  stm32f10x_usart.o
    0x08000ba0   0x0000004a   Code   RO          568    i.USART_ITConfig    stm32f10x_usart.o
    0x08000bea   0x00000002   PAD
    0x08000bec   0x000000d8   Code   RO          569    i.USART_Init        stm32f10x_usart.o
    0x08000cc4   0x0000000a   Code   RO          576    i.USART_ReceiveData  stm32f10x_usart.o
    0x08000cce   0x00000008   Code   RO          579    i.USART_SendData    stm32f10x_usart.o
    0x08000cd6   0x00000002   PAD
    0x08000cd8   0x0000002c   Code   RO           10    i.initApp           main.o
    0x08000d04   0x0000004a   Code   RO           11    i.initSystem        main.o
    0x08000d4e   0x00000002   PAD
    0x08000d50   0x00000094   Code   RO           12    i.initUSART1        main.o
    0x08000de4   0x00000098   Code   RO           13    i.initUSART2        main.o
    0x08000e7c   0x00000040   Code   RO           14    i.main              main.o
    0x08000ebc   0x00000098   Code   RO           15    i.usartGetString    main.o
    0x08000f54   0x0000001e   Code   RO           16    i.usartSendChar     main.o
    0x08000f72   0x0000001a   Code   RO           17    i.usartSendString   main.o
    0x08000f8c   0x00000020   Data   RO         1158    Region$$Table       anon$$obj.o


    Execution Region ER_RW (Base: 0x20000000, Size: 0x0000002c, Max: 0xffffffff, ABSOLUTE)

    Base Addr    Size         Type   Attr      Idx    E Section Name        Object

    0x20000000   0x00000004   Data   RW           20    .data               main.o
    0x20000004   0x00000014   Data   RW          378    .data               stm32f10x_rcc.o
    0x20000018   0x00000014   Data   RW          809    .data               system_stm32f10x.o


    Execution Region ER_ZI (Base: 0x2000002c, Size: 0x0000087c, Max: 0xffffffff, ABSOLUTE)

    Base Addr    Size         Type   Attr      Idx    E Section Name        Object

    0x2000002c   0x00000218   Zero   RW           19    .bss                main.o
    0x20000244   0x00000060   Zero   RW         1037    .bss                c_w.l(libspace.o)
    0x200002a4   0x00000004   PAD
    0x200002a8   0x00000200   Zero   RW          796    HEAP                startup_stm32f10x_md.o
    0x200004a8   0x00000400   Zero   RW          795    STACK               startup_stm32f10x_md.o


==============================================================================

Image component sizes


      Code (inc. data)   RO Data    RW Data    ZI Data      Debug   Object Name

      1040         88          0          4        536     259164   main.o
        64         26        236          0       1536        812   startup_stm32f10x_md.o
       278          0          0          0          0       2076   stm32f10x_gpio.o
       580         80          0         20          0       9951   stm32f10x_rcc.o
       472          6          0          0          0       7155   stm32f10x_usart.o
       328         28          0         20          0       2253   system_stm32f10x.o

    ----------------------------------------------------------------------
      2768        228        268         44       2072     281411   Object Totals
         0          0         32          0          0          0   (incl. Generated)
         6          0          0          0          0          0   (incl. Padding)

    ----------------------------------------------------------------------

      Code (inc. data)   RO Data    RW Data    ZI Data      Debug   Library Member Name

         8          0          0          0          0         68   __main.o
         0          0          0          0          0          0   __rtentry.o
        12          0          0          0          0          0   __rtentry2.o
         6          0          0          0          0          0   __rtentry4.o
        52          8          0          0          0          0   __scatter.o
        26          0          0          0          0          0   __scatter_copy.o
        28          0          0          0          0          0   __scatter_zi.o
        10          0          0          0          0         68   defsig_exit.o
        50          0          0          0          0         88   defsig_general.o
        80         58          0          0          0         76   defsig_rtmem_inner.o
        14          0          0          0          0         80   defsig_rtmem_outer.o
        18          0          0          0          0         80   exit.o
        94          0          0          0          0         80   h1_alloc.o
        52          0          0          0          0         68   h1_extend.o
        78          0          0          0          0         80   h1_free.o
        14          0          0          0          0         84   h1_init.o
         6          0          0          0          0        152   heapauxi.o
         4          0          0          0          0        136   hguard.o
         0          0          0          0          0          0   indicate_semi.o
       138          0          0          0          0        168   init_alloc.o
         2          0          0          0          0          0   libinit.o
        10          0          0          0          0          0   libinit2.o
         2          0          0          0          0          0   libshutdown.o
         2          0          0          0          0          0   libshutdown2.o
         8          4          0          0         96         68   libspace.o
         0          0          0          0          0          0   maybetermalloc1.o
         8          4          0          0          0         68   rt_heap_descriptor_intlibspace.o
         2          0          0          0          0          0   rtexit.o
        10          0          0          0          0          0   rtexit2.o
        72          0          0          0          0         80   strcpy.o
        62          0          0          0          0         76   strlen.o
        12          4          0          0          0         68   sys_exit.o
        74          0          0          0          0         80   sys_stackheap_outer.o
        14          0          0          0          0         76   sys_wrch.o
         2          0          0          0          0         68   use_no_semi.o

    ----------------------------------------------------------------------
       976         78          0          0        100       1812   Library Totals
         6          0          0          0          4          0   (incl. Padding)

    ----------------------------------------------------------------------

      Code (inc. data)   RO Data    RW Data    ZI Data      Debug   Library Name

       970         78          0          0         96       1812   c_w.l

    ----------------------------------------------------------------------
       976         78          0          0        100       1812   Library Totals

    ----------------------------------------------------------------------

==============================================================================


      Code (inc. data)   RO Data    RW Data    ZI Data      Debug   

      3744        306        268         44       2172     280515   Grand Totals
      3744        306        268         44       2172     280515   ELF Image Totals
      3744        306        268         44          0          0   ROM Totals

==============================================================================

    Total RO  Size (Code + RO Data)                 4012 (   3.92kB)
    Total RW  Size (RW Data + ZI Data)              2216 (   2.16kB)
    Total ROM Size (Code + RO Data + RW Data)       4056 (   3.96kB)

==============================================================================

